127.0.0.1 - - [24/Mar/2026:07:28:58 +0700] "POST /QLNHang/rest/nganhang/dangnhap HTTP/1.1" 200 94
0:0:0:0:0:0:0:1 - - [24/Mar/2026:07:28:59 +0700] "POST /QLNHang/QLNHangWebClient?action=dangnhap HTTP/1.1" 200 1860
0:0:0:0:0:0:0:1 - - [24/Mar/2026:07:29:10 +0700] "GET /QLNHang/QLNHangWebClient?action=naptien HTTP/1.1" 200 2602
127.0.0.1 - - [24/Mar/2026:07:29:19 +0700] "POST /QLNHang/rest/nganhang/naptien HTTP/1.1" 200 94
0:0:0:0:0:0:0:1 - - [24/Mar/2026:07:29:19 +0700] "POST /QLNHang/QLNHangWebClient?action=naptien HTTP/1.1" 302 -
0:0:0:0:0:0:0:1 - - [24/Mar/2026:07:29:19 +0700] "GET /QLNHang/QLNHangWebClient?action=naptien HTTP/1.1" 200 2621
0:0:0:0:0:0:0:1 - - [24/Mar/2026:07:29:24 +0700] "GET /QLNHang/QLNHangWebClient?action=ruttien HTTP/1.1" 200 2600
127.0.0.1 - - [24/Mar/2026:07:29:33 +0700] "POST /QLNHang/rest/nganhang/ruttien HTTP/1.1" 200 93
0:0:0:0:0:0:0:1 - - [24/Mar/2026:07:29:33 +0700] "POST /QLNHang/QLNHangWebClient?action=ruttien HTTP/1.1" 302 -
0:0:0:0:0:0:0:1 - - [24/Mar/2026:07:29:33 +0700] "GET /QLNHang/QLNHangWebClient?action=ruttien HTTP/1.1" 200 2618
0:0:0:0:0:0:0:1 - - [24/Mar/2026:07:29:38 +0700] "GET /QLNHang/QLNHangWebClient?action=chuyentien HTTP/1.1" 200 2746
0:0:0:0:0:0:0:1 - - [24/Mar/2026:07:29:53 +0700] "POST /QLNHang/QLNHangWebClient?action=chuyentien HTTP/1.1" 302 -
127.0.0.1 - - [24/Mar/2026:07:29:53 +0700] "POST /QLNHang/rest/nganhang/chuyentien HTTP/1.1" 400 15
0:0:0:0:0:0:0:1 - - [24/Mar/2026:07:29:53 +0700] "GET /QLNHang/QLNHangWebClient?action=chuyentien HTTP/1.1" 200 2761
127.0.0.1 - - [24/Mar/2026:07:30:06 +0700] "POST /QLNHang/rest/nganhang/chuyentien HTTP/1.1" 200 93
0:0:0:0:0:0:0:1 - - [24/Mar/2026:07:30:06 +0700] "POST /QLNHang/QLNHangWebClient?action=chuyentien HTTP/1.1" 302 -
0:0:0:0:0:0:0:1 - - [24/Mar/2026:07:30:06 +0700] "GET /QLNHang/QLNHangWebClient?action=chuyentien HTTP/1.1" 200 2787
127.0.0.1 - - [24/Mar/2026:07:30:09 +0700] "GET /QLNHang/rest/nganhang/danhsach HTTP/1.1" 200 383
0:0:0:0:0:0:0:1 - - [24/Mar/2026:07:30:10 +0700] "GET /QLNHang/QLNHangWebClient?action=danhsach HTTP/1.1" 200 5104
0:0:0:0:0:0:0:1 - - [24/Mar/2026:07:30:16 +0700] "GET /QLNHang/QLNHangWebClient?action=themtaikhoan HTTP/1.1" 200 4313
127.0.0.1 - - [24/Mar/2026:07:30:34 +0700] "POST /QLNHang/rest/nganhang/themtaikhoan HTTP/1.1" 201 24
0:0:0:0:0:0:0:1 - - [24/Mar/2026:07:30:34 +0700] "POST /QLNHang/QLNHangWebClient?action=themtaikhoan HTTP/1.1" 302 -
0:0:0:0:0:0:0:1 - - [24/Mar/2026:07:30:34 +0700] "GET /QLNHang/QLNHangWebClient?action=themtaikhoan HTTP/1.1" 200 4350
127.0.0.1 - - [24/Mar/2026:07:30:36 +0700] "GET /QLNHang/rest/nganhang/danhsach HTTP/1.1" 200 469
0:0:0:0:0:0:0:1 - - [24/Mar/2026:07:30:36 +0700] "GET /QLNHang/QLNHangWebClient?action=danhsach HTTP/1.1" 200 5787
127.0.0.1 - - [24/Mar/2026:07:31:03 +0700] "POST /CalcService3/rest/calc3/cong/3/2 HTTP/1.1" 200 1
127.0.0.1 - - [24/Mar/2026:07:31:03 +0700] "POST /CalcService1/rest/calc/cong/3/2 HTTP/1.1" 200 1
0:0:0:0:0:0:0:1 - - [24/Mar/2026:07:31:03 +0700] "GET /CalcWebClient/CalcWebClient?a=3&b=2&phepToan=cong HTTP/1.1" 200 1964
0:0:0:0:0:0:0:1 - - [24/Mar/2026:07:31:03 +0700] "GET /CalcWebClient/styles.css HTTP/1.1" 304 -
127.0.0.1 - - [24/Mar/2026:07:31:08 +0700] "POST /CalcService3/rest/calc3/tru/3/2 HTTP/1.1" 200 1
127.0.0.1 - - [24/Mar/2026:07:31:08 +0700] "POST /CalcService1/rest/calc/tru/3/2 HTTP/1.1" 200 1
0:0:0:0:0:0:0:1 - - [24/Mar/2026:07:31:08 +0700] "GET /CalcWebClient/CalcWebClient?a=3&b=2&phepToan=tru HTTP/1.1" 200 1964
127.0.0.1 - - [24/Mar/2026:07:31:14 +0700] "POST /CalcService1/rest/calc/chia/0.0/2.0 HTTP/1.1" 200 3
127.0.0.1 - - [24/Mar/2026:07:31:14 +0700] "POST /CalcService3/rest/calc3/chia/0/2 HTTP/1.1" 200 3
0:0:0:0:0:0:0:1 - - [24/Mar/2026:07:31:14 +0700] "GET /CalcWebClient/CalcWebClient?a=0&b=2&phepToan=chia HTTP/1.1" 200 1966
127.0.0.1 - - [24/Mar/2026:07:31:19 +0700] "POST /CalcService1/rest/calc/chia/2.0/0.0 HTTP/1.1" 200 3
127.0.0.1 - - [24/Mar/2026:07:31:19 +0700] "POST /CalcService3/rest/calc3/chia/2/0 HTTP/1.1" 200 3
0:0:0:0:0:0:0:1 - - [24/Mar/2026:07:31:19 +0700] "GET /CalcWebClient/CalcWebClient?a=2&b=0&phepToan=chia HTTP/1.1" 200 1966
127.0.0.1 - - [24/Mar/2026:07:31:25 +0700] "POST /CalcService3/rest/calc3/giaithua/2 HTTP/1.1" 200 3
127.0.0.1 - - [24/Mar/2026:07:31:25 +0700] "POST /CalcService2/rest/calc2/giaithua/2 HTTP/1.1" 200 3
0:0:0:0:0:0:0:1 - - [24/Mar/2026:07:31:25 +0700] "GET /CalcWebClient/CalcWebClient?a=2&phepToan=giaithua HTTP/1.1" 200 1965
127.0.0.1 - - [24/Mar/2026:07:31:29 +0700] "POST /CalcService2/rest/calc2/giaithua/4 HTTP/1.1" 200 4
127.0.0.1 - - [24/Mar/2026:07:31:29 +0700] "POST /CalcService3/rest/calc3/giaithua/4 HTTP/1.1" 200 4
0:0:0:0:0:0:0:1 - - [24/Mar/2026:07:31:29 +0700] "GET /CalcWebClient/CalcWebClient?a=4&phepToan=giaithua HTTP/1.1" 200 1966
0:0:0:0:0:0:0:1 - - [24/Mar/2026:07:31:29 +0700] "GET /CalcWebClient/styles.css HTTP/1.1" 304 -
127.0.0.1 - - [24/Mar/2026:07:31:35 +0700] "POST /CalcService2/rest/calc2/luythua/2.0/3 HTTP/1.1" 200 3
127.0.0.1 - - [24/Mar/2026:07:31:35 +0700] "POST /CalcService3/rest/calc3/luythua/2/3 HTTP/1.1" 200 3
0:0:0:0:0:0:0:1 - - [24/Mar/2026:07:31:35 +0700] "GET /CalcWebClient/CalcWebClient?a=2&n=3&phepToan=luythua HTTP/1.1" 200 1966
127.0.0.1 - - [24/Mar/2026:07:31:46 +0700] "POST /CalcService2/rest/calc2/gpt2/3.0/-4.0/8.0 HTTP/1.1" 200 22
127.0.0.1 - - [24/Mar/2026:07:31:46 +0700] "POST /CalcService3/rest/calc3/gpt2/3/-4/8 HTTP/1.1" 200 22
0:0:0:0:0:0:0:1 - - [24/Mar/2026:07:31:46 +0700] "GET /CalcWebClient/CalcWebClient?a=3&b=-4&c=8&phepToan=gpt2 HTTP/1.1" 200 1987
127.0.0.1 - - [24/Mar/2026:07:32:48 +0700] "POST /QuanLyTaiKhoan/rest/khachHang/dangNhap HTTP/1.1" 200 159
0:0:0:0:0:0:0:1 - - [24/Mar/2026:07:32:48 +0700] "POST /QuanLyHangHoaWebClient/customer HTTP/1.1" 302 -
127.0.0.1 - - [24/Mar/2026:07:32:50 +0700] "GET /QuanLyHangHoa/rest/hangHoa/danhSach HTTP/1.1" 200 392
0:0:0:0:0:0:0:1 - - [24/Mar/2026:07:32:50 +0700] "GET /QuanLyHangHoaWebClient/customer?action=khoHang HTTP/1.1" 200 4289
0:0:0:0:0:0:0:1 - - [24/Mar/2026:07:32:50 +0700] "GET /QuanLyHangHoaWebClient/styles/styles.css HTTP/1.1" 304 -
127.0.0.1 - - [24/Mar/2026:07:33:25 +0700] "GET /QuanLyHangHoa/rest/hangHoa/danhSach HTTP/1.1" 200 392
0:0:0:0:0:0:0:1 - - [24/Mar/2026:07:33:25 +0700] "GET /QuanLyHangHoaWebClient/hanghoa?action=inventory HTTP/1.1" 200 9734
127.0.0.1 - - [24/Mar/2026:07:33:46 +0700] "POST /QuanLyHangHoa/rest/hangHoa/themHangHoa HTTP/1.1" 200 29
127.0.0.1 - - [24/Mar/2026:07:33:46 +0700] "GET /QuanLyHangHoa/rest/hangHoa/danhSach HTTP/1.1" 200 474
0:0:0:0:0:0:0:1 - - [24/Mar/2026:07:33:46 +0700] "POST /QuanLyHangHoaWebClient/hanghoa HTTP/1.1" 200 10949
127.0.0.1 - - [24/Mar/2026:07:33:52 +0700] "GET /QuanLyHangHoa/rest/hangHoa/danhSach HTTP/1.1" 200 474
0:0:0:0:0:0:0:1 - - [24/Mar/2026:07:33:52 +0700] "GET /QuanLyHangHoaWebClient/customer?action=khoHang HTTP/1.1" 200 5146
127.0.0.1 - - [24/Mar/2026:07:33:56 +0700] "GET /QuanLyTaiKhoan/rest/khachHang/danhSach HTTP/1.1" 200 636
0:0:0:0:0:0:0:1 - - [24/Mar/2026:07:33:56 +0700] "GET /QuanLyHangHoaWebClient/customer?action=danhSach HTTP/1.1" 200 5414
0:0:0:0:0:0:0:1 - - [24/Mar/2026:07:34:06 +0700] "GET /QuanLyHangHoaWebClient/customer?action=dangXuat HTTP/1.1" 302 -
0:0:0:0:0:0:0:1 - - [24/Mar/2026:07:34:06 +0700] "GET /QuanLyHangHoaWebClient/index.jsp HTTP/1.1" 200 638
127.0.0.1 - - [24/Mar/2026:07:34:13 +0700] "POST /QuanLyTaiKhoan/rest/khachHang/dangNhap HTTP/1.1" 200 157
0:0:0:0:0:0:0:1 - - [24/Mar/2026:07:34:13 +0700] "POST /QuanLyHangHoaWebClient/customer HTTP/1.1" 302 -
127.0.0.1 - - [24/Mar/2026:07:34:13 +0700] "GET /QuanLyHangHoa/rest/hangHoa/danhSach HTTP/1.1" 200 474
0:0:0:0:0:0:0:1 - - [24/Mar/2026:07:34:13 +0700] "GET /QuanLyHangHoaWebClient/customer?action=khoHang HTTP/1.1" 200 5130
127.0.0.1 - - [24/Mar/2026:07:34:20 +0700] "GET /QuanLyHangHoa/rest/hangHoa/chiTiet?maSo=SP01 HTTP/1.1" 200 102
0:0:0:0:0:0:0:1 - - [24/Mar/2026:07:34:20 +0700] "POST /QuanLyHangHoaWebClient/invoice HTTP/1.1" 302 -
127.0.0.1 - - [24/Mar/2026:07:34:20 +0700] "GET /QuanLyHangHoa/rest/hangHoa/danhSach HTTP/1.1" 200 474
0:0:0:0:0:0:0:1 - - [24/Mar/2026:07:34:20 +0700] "GET /QuanLyHangHoaWebClient/customer?action=khoHang HTTP/1.1" 200 5130
0:0:0:0:0:0:0:1 - - [24/Mar/2026:07:34:22 +0700] "GET /QuanLyHangHoaWebClient/invoice?action=payment HTTP/1.1" 200 2759
127.0.0.1 - - [24/Mar/2026:07:34:24 +0700] "GET /QuanLyHangHoa/rest/hangHoa/danhSach HTTP/1.1" 200 474
0:0:0:0:0:0:0:1 - - [24/Mar/2026:07:34:24 +0700] "GET /QuanLyHangHoaWebClient/customer?action=khoHang HTTP/1.1" 200 5130
0:0:0:0:0:0:0:1 - - [24/Mar/2026:07:34:26 +0700] "GET /QuanLyHangHoaWebClient/invoice?action=payment HTTP/1.1" 200 2759
127.0.0.1 - - [24/Mar/2026:07:34:28 +0700] "GET /QuanLyHangHoa/rest/hangHoa/danhSach HTTP/1.1" 200 474
0:0:0:0:0:0:0:1 - - [24/Mar/2026:07:34:28 +0700] "GET /QuanLyHangHoaWebClient/customer?action=khoHang HTTP/1.1" 200 5130
127.0.0.1 - - [24/Mar/2026:07:34:32 +0700] "GET /QuanLyHangHoa/rest/hangHoa/chiTiet?maSo=SP02 HTTP/1.1" 200 98
0:0:0:0:0:0:0:1 - - [24/Mar/2026:07:34:32 +0700] "POST /QuanLyHangHoaWebClient/invoice HTTP/1.1" 302 -
127.0.0.1 - - [24/Mar/2026:07:34:32 +0700] "GET /QuanLyHangHoa/rest/hangHoa/danhSach HTTP/1.1" 200 474
0:0:0:0:0:0:0:1 - - [24/Mar/2026:07:34:32 +0700] "GET /QuanLyHangHoaWebClient/customer?action=khoHang HTTP/1.1" 200 5130
127.0.0.1 - - [24/Mar/2026:07:34:34 +0700] "GET /QuanLyHangHoa/rest/hangHoa/chiTiet?maSo=SP05 HTTP/1.1" 200 81
0:0:0:0:0:0:0:1 - - [24/Mar/2026:07:34:34 +0700] "POST /QuanLyHangHoaWebClient/invoice HTTP/1.1" 302 -
127.0.0.1 - - [24/Mar/2026:07:34:34 +0700] "GET /QuanLyHangHoa/rest/hangHoa/danhSach HTTP/1.1" 200 474
0:0:0:0:0:0:0:1 - - [24/Mar/2026:07:34:34 +0700] "GET /QuanLyHangHoaWebClient/customer?action=khoHang HTTP/1.1" 200 5130
0:0:0:0:0:0:0:1 - - [24/Mar/2026:07:34:39 +0700] "POST /QuanLyHangHoaWebClient/invoice HTTP/1.1" 302 -
127.0.0.1 - - [24/Mar/2026:07:34:39 +0700] "GET /QuanLyHangHoa/rest/hangHoa/chiTiet?maSo=SP05 HTTP/1.1" 200 81
127.0.0.1 - - [24/Mar/2026:07:34:39 +0700] "GET /QuanLyHangHoa/rest/hangHoa/danhSach HTTP/1.1" 200 474
0:0:0:0:0:0:0:1 - - [24/Mar/2026:07:34:39 +0700] "GET /QuanLyHangHoaWebClient/customer?action=khoHang HTTP/1.1" 200 5130
0:0:0:0:0:0:0:1 - - [24/Mar/2026:07:34:41 +0700] "GET /QuanLyHangHoaWebClient/invoice?action=payment HTTP/1.1" 200 3859
127.0.0.1 - - [24/Mar/2026:07:34:54 +0700] "POST /QuanLyHoaDon/rest/hoaDon/tao HTTP/1.1" 200 29
0:0:0:0:0:0:0:1 - - [24/Mar/2026:07:34:54 +0700] "POST /QuanLyHangHoaWebClient/invoice HTTP/1.1" 200 1329
127.0.0.1 - - [24/Mar/2026:07:34:59 +0700] "GET /QuanLyHoaDon/rest/hoaDon/lichSu/2222 HTTP/1.1" 200 432
0:0:0:0:0:0:0:1 - - [24/Mar/2026:07:34:59 +0700] "GET /QuanLyHangHoaWebClient/lichSu?action=xemLichSu HTTP/1.1" 200 4287
0:0:0:0:0:0:0:1 - - [24/Mar/2026:07:35:05 +0700] "GET /QuanLyHangHoaWebClient/userInfo.jsp HTTP/1.1" 200 3243
127.0.0.1 - - [24/Mar/2026:07:35:08 +0700] "POST /QuanLyTaiKhoan/rest/khachHang/2222/dangKyVip HTTP/1.1" 200 198
0:0:0:0:0:0:0:1 - - [24/Mar/2026:07:35:08 +0700] "POST /QuanLyHangHoaWebClient/customer HTTP/1.1" 200 2916
127.0.0.1 - - [24/Mar/2026:07:35:15 +0700] "GET /QuanLyHangHoa/rest/hangHoa/danhSach HTTP/1.1" 200 474
0:0:0:0:0:0:0:1 - - [24/Mar/2026:07:35:15 +0700] "GET /QuanLyHangHoaWebClient/customer?action=khoHang HTTP/1.1" 200 5130
127.0.0.1 - - [24/Mar/2026:07:35:19 +0700] "GET /QuanLyHangHoa/rest/hangHoa/chiTiet?maSo=SP01 HTTP/1.1" 200 102
0:0:0:0:0:0:0:1 - - [24/Mar/2026:07:35:19 +0700] "POST /QuanLyHangHoaWebClient/invoice HTTP/1.1" 302 -
127.0.0.1 - - [24/Mar/2026:07:35:19 +0700] "GET /QuanLyHangHoa/rest/hangHoa/danhSach HTTP/1.1" 200 474
0:0:0:0:0:0:0:1 - - [24/Mar/2026:07:35:19 +0700] "GET /QuanLyHangHoaWebClient/customer?action=khoHang HTTP/1.1" 200 5130
127.0.0.1 - - [24/Mar/2026:07:35:22 +0700] "GET /QuanLyHangHoa/rest/hangHoa/chiTiet?maSo=SP05 HTTP/1.1" 200 81
0:0:0:0:0:0:0:1 - - [24/Mar/2026:07:35:22 +0700] "POST /QuanLyHangHoaWebClient/invoice HTTP/1.1" 302 -
127.0.0.1 - - [24/Mar/2026:07:35:22 +0700] "GET /QuanLyHangHoa/rest/hangHoa/danhSach HTTP/1.1" 200 474
0:0:0:0:0:0:0:1 - - [24/Mar/2026:07:35:22 +0700] "GET /QuanLyHangHoaWebClient/customer?action=khoHang HTTP/1.1" 200 5130
0:0:0:0:0:0:0:1 - - [24/Mar/2026:07:35:25 +0700] "GET /QuanLyHangHoaWebClient/invoice?action=payment HTTP/1.1" 200 4066
127.0.0.1 - - [24/Mar/2026:07:35:46 +0700] "POST /QuanLyHoaDon/rest/hoaDon/tao HTTP/1.1" 200 29
0:0:0:0:0:0:0:1 - - [24/Mar/2026:07:35:46 +0700] "POST /QuanLyHangHoaWebClient/invoice HTTP/1.1" 200 1329
127.0.0.1 - - [24/Mar/2026:07:35:49 +0700] "GET /QuanLyHoaDon/rest/hoaDon/lichSu/2222 HTTP/1.1" 200 765
0:0:0:0:0:0:0:1 - - [24/Mar/2026:07:35:49 +0700] "GET /QuanLyHangHoaWebClient/lichSu?action=xemLichSu HTTP/1.1" 200 7223
0:0:0:0:0:0:0:1 - - [24/Mar/2026:07:37:28 +0700] "GET /QuanLyHangHoaWebClient/userInfo.jsp HTTP/1.1" 200 2861
0:0:0:0:0:0:0:1 - - [24/Mar/2026:08:00:09 +0700] "GET /QuanLyHangHoaWebClient/customer?action=dangXuat HTTP/1.1" 302 -
0:0:0:0:0:0:0:1 - - [24/Mar/2026:08:00:10 +0700] "GET /QuanLyHangHoaWebClient/index.jsp HTTP/1.1" 200 638
0:0:0:0:0:0:0:1 - - [24/Mar/2026:08:00:10 +0700] "GET /QuanLyHangHoaWebClient/styles/login.css HTTP/1.1" 304 -
0:0:0:0:0:0:0:1 - - [24/Mar/2026:08:00:13 +0700] "POST /QuanLyHangHoaWebClient/customer HTTP/1.1" 302 -
127.0.0.1 - - [24/Mar/2026:08:00:13 +0700] "POST /QuanLyTaiKhoan/rest/khachHang/dangNhap HTTP/1.1" 200 198
127.0.0.1 - - [24/Mar/2026:08:00:13 +0700] "GET /QuanLyHangHoa/rest/hangHoa/danhSach HTTP/1.1" 200 474
0:0:0:0:0:0:0:1 - - [24/Mar/2026:08:00:13 +0700] "GET /QuanLyHangHoaWebClient/customer?action=khoHang HTTP/1.1" 200 5130
0:0:0:0:0:0:0:1 - - [24/Mar/2026:08:00:13 +0700] "GET /QuanLyHangHoaWebClient/styles/styles.css HTTP/1.1" 304 -
127.0.0.1 - - [24/Mar/2026:08:00:15 +0700] "GET /QuanLyHoaDon/rest/hoaDon/lichSu/2222 HTTP/1.1" 200 765
0:0:0:0:0:0:0:1 - - [24/Mar/2026:08:00:15 +0700] "GET /QuanLyHangHoaWebClient/lichSu?action=xemLichSu HTTP/1.1" 200 7223
0:0:0:0:0:0:0:1 - - [24/Mar/2026:08:02:12 +0700] "GET /QuanLyHangHoaWebClient/userInfo.jsp HTTP/1.1" 200 2861
127.0.0.1 - - [24/Mar/2026:08:02:14 +0700] "GET /QuanLyHangHoa/rest/hangHoa/danhSach HTTP/1.1" 200 474
0:0:0:0:0:0:0:1 - - [24/Mar/2026:08:02:14 +0700] "GET /QuanLyHangHoaWebClient/customer?action=khoHang HTTP/1.1" 200 5130
0:0:0:0:0:0:0:1 - - [24/Mar/2026:08:07:33 +0700] "GET /QuanLyHangHoaWebClient/customer?action=dangXuat HTTP/1.1" 302 -
0:0:0:0:0:0:0:1 - - [24/Mar/2026:08:07:33 +0700] "GET /QuanLyHangHoaWebClient/index.jsp HTTP/1.1" 200 638
0:0:0:0:0:0:0:1 - - [24/Mar/2026:08:07:37 +0700] "POST /QuanLyHangHoaWebClient/customer HTTP/1.1" 302 -
127.0.0.1 - - [24/Mar/2026:08:07:37 +0700] "POST /QuanLyTaiKhoan/rest/khachHang/dangNhap HTTP/1.1" 200 159
127.0.0.1 - - [24/Mar/2026:08:07:37 +0700] "GET /QuanLyHangHoa/rest/hangHoa/danhSach HTTP/1.1" 200 474
0:0:0:0:0:0:0:1 - - [24/Mar/2026:08:07:37 +0700] "GET /QuanLyHangHoaWebClient/customer?action=khoHang HTTP/1.1" 200 5146
127.0.0.1 - - [24/Mar/2026:08:07:39 +0700] "GET /QuanLyHangHoa/rest/hangHoa/danhSach HTTP/1.1" 200 474
0:0:0:0:0:0:0:1 - - [24/Mar/2026:08:07:39 +0700] "GET /QuanLyHangHoaWebClient/hanghoa?action=inventory HTTP/1.1" 200 10878
127.0.0.1 - - [24/Mar/2026:08:07:39 +0700] "GET /QuanLyTaiKhoan/rest/khachHang/danhSach HTTP/1.1" 200 677
0:0:0:0:0:0:0:1 - - [24/Mar/2026:08:07:39 +0700] "GET /QuanLyHangHoaWebClient/customer?action=danhSach HTTP/1.1" 200 5448
0:0:0:0:0:0:0:1 - - [24/Mar/2026:08:46:17 +0700] "GET /QuanLyHangHoaWebClient/customer?action=danhSach HTTP/1.1" 302 -
0:0:0:0:0:0:0:1 - - [24/Mar/2026:08:46:17 +0700] "GET /QuanLyHangHoaWebClient/index.jsp HTTP/1.1" 200 638
0:0:0:0:0:0:0:1 - - [24/Mar/2026:08:46:17 +0700] "GET /QuanLyHangHoaWebClient/styles/login.css HTTP/1.1" 304 -
127.0.0.1 - - [24/Mar/2026:08:46:22 +0700] "POST /QuanLyTaiKhoan/rest/khachHang/dangNhap HTTP/1.1" 200 174
0:0:0:0:0:0:0:1 - - [24/Mar/2026:08:46:22 +0700] "POST /QuanLyHangHoaWebClient/customer HTTP/1.1" 302 -
127.0.0.1 - - [24/Mar/2026:08:46:23 +0700] "GET /QuanLyHangHoa/rest/hangHoa/danhSach HTTP/1.1" 200 392
0:0:0:0:0:0:0:1 - - [24/Mar/2026:08:46:23 +0700] "GET /QuanLyHangHoaWebClient/customer?action=khoHang HTTP/1.1" 200 4289
0:0:0:0:0:0:0:1 - - [24/Mar/2026:08:46:23 +0700] "GET /QuanLyHangHoaWebClient/styles/styles.css HTTP/1.1" 304 -
127.0.0.1 - - [24/Mar/2026:08:46:25 +0700] "GET /QuanLyTaiKhoan/rest/khachHang/danhSach HTTP/1.1" 200 696
0:0:0:0:0:0:0:1 - - [24/Mar/2026:08:46:25 +0700] "GET /QuanLyHangHoaWebClient/customer?action=danhSach HTTP/1.1" 200 10560
127.0.0.1 - - [24/Mar/2026:08:51:35 +0700] "GET / HTTP/1.1" 404 1074
127.0.0.1 - - [24/Mar/2026:08:51:59 +0700] "GET / HTTP/1.1" 404 1074
0:0:0:0:0:0:0:1 - - [24/Mar/2026:08:52:29 +0700] "GET /QuanLyHangHoaWebClient/customer?action=dangXuat HTTP/1.1" 302 -
0:0:0:0:0:0:0:1 - - [24/Mar/2026:08:52:29 +0700] "GET /QuanLyHangHoaWebClient/index.jsp HTTP/1.1" 200 638
127.0.0.1 - - [24/Mar/2026:08:52:36 +0700] "POST /QuanLyTaiKhoan/rest/khachHang/dangNhap HTTP/1.1" 200 174
0:0:0:0:0:0:0:1 - - [24/Mar/2026:08:52:36 +0700] "POST /QuanLyHangHoaWebClient/customer HTTP/1.1" 302 -
127.0.0.1 - - [24/Mar/2026:08:52:37 +0700] "GET /QuanLyHangHoa/rest/hangHoa/danhSach HTTP/1.1" 200 392
0:0:0:0:0:0:0:1 - - [24/Mar/2026:08:52:37 +0700] "GET /QuanLyHangHoaWebClient/customer?action=khoHang HTTP/1.1" 200 4289
127.0.0.1 - - [24/Mar/2026:08:53:08 +0700] "GET /QuanLyTaiKhoan/rest/khachHang/danhSach HTTP/1.1" 200 696
0:0:0:0:0:0:0:1 - - [24/Mar/2026:08:53:08 +0700] "GET /QuanLyHangHoaWebClient/customer?action=danhSach HTTP/1.1" 200 10560
127.0.0.1 - - [24/Mar/2026:08:53:14 +0700] "GET /QuanLyTaiKhoan/rest/khachHang/danhSach HTTP/1.1" 200 696
0:0:0:0:0:0:0:1 - - [24/Mar/2026:08:53:14 +0700] "GET /QuanLyHangHoaWebClient/customer?action=danhSach HTTP/1.1" 200 10560
0:0:0:0:0:0:0:1 - - [24/Mar/2026:08:53:14 +0700] "GET /QuanLyHangHoaWebClient/styles/styles.css HTTP/1.1" 200 10878
0:0:0:0:0:0:0:1 - - [24/Mar/2026:08:53:14 +0700] "GET /favicon.ico HTTP/1.1" 404 1085
127.0.0.1 - - [24/Mar/2026:08:53:38 +0700] "GET /QuanLyTaiKhoan/rest/khachHang/danhSach HTTP/1.1" 200 696
0:0:0:0:0:0:0:1 - - [24/Mar/2026:08:53:38 +0700] "GET /QuanLyHangHoaWebClient/customer?action=danhSach HTTP/1.1" 200 10560
0:0:0:0:0:0:0:1 - - [24/Mar/2026:08:53:38 +0700] "GET /QuanLyHangHoaWebClient/styles/styles.css HTTP/1.1" 200 10878
0:0:0:0:0:0:0:1 - - [24/Mar/2026:08:53:38 +0700] "GET /favicon.ico HTTP/1.1" 404 1085
0:0:0:0:0:0:0:1 - - [24/Mar/2026:08:54:02 +0700] "POST /QuanLyHangHoaWebClient/customer HTTP/1.1" 302 -
0:0:0:0:0:0:0:1 - - [24/Mar/2026:08:54:02 +0700] "GET /QuanLyHangHoaWebClient/index.jsp HTTP/1.1" 200 638
127.0.0.1 - - [24/Mar/2026:08:54:06 +0700] "POST /QuanLyTaiKhoan/rest/khachHang/dangNhap HTTP/1.1" 200 174
0:0:0:0:0:0:0:1 - - [24/Mar/2026:08:54:06 +0700] "POST /QuanLyHangHoaWebClient/customer HTTP/1.1" 302 -
127.0.0.1 - - [24/Mar/2026:08:54:06 +0700] "GET /QuanLyHangHoa/rest/hangHoa/danhSach HTTP/1.1" 200 392
0:0:0:0:0:0:0:1 - - [24/Mar/2026:08:54:06 +0700] "GET /QuanLyHangHoaWebClient/customer?action=khoHang HTTP/1.1" 200 4289
0:0:0:0:0:0:0:1 - - [24/Mar/2026:08:54:06 +0700] "GET /QuanLyHangHoaWebClient/styles/styles.css HTTP/1.1" 304 -
127.0.0.1 - - [24/Mar/2026:08:54:07 +0700] "GET /QuanLyTaiKhoan/rest/khachHang/danhSach HTTP/1.1" 200 696
0:0:0:0:0:0:0:1 - - [24/Mar/2026:08:54:07 +0700] "GET /QuanLyHangHoaWebClient/customer?action=danhSach HTTP/1.1" 200 10560
0:0:0:0:0:0:0:1 - - [24/Mar/2026:08:54:34 +0700] "POST /QuanLyHangHoaWebClient/customer HTTP/1.1" 302 -
0:0:0:0:0:0:0:1 - - [24/Mar/2026:08:54:34 +0700] "GET /QuanLyHangHoaWebClient/index.jsp HTTP/1.1" 200 638
127.0.0.1 - - [24/Mar/2026:09:07:04 +0700] "GET / HTTP/1.1" 404 1074
0:0:0:0:0:0:0:1 - - [24/Mar/2026:09:07:09 +0700] "GET /QuanLyHangHoaWebClient/index.jsp HTTP/1.1" 200 638
127.0.0.1 - - [24/Mar/2026:09:07:16 +0700] "POST /QuanLyTaiKhoan/rest/khachHang/dangNhap HTTP/1.1" 200 174
0:0:0:0:0:0:0:1 - - [24/Mar/2026:09:07:16 +0700] "POST /QuanLyHangHoaWebClient/customer HTTP/1.1" 302 -
127.0.0.1 - - [24/Mar/2026:09:07:18 +0700] "GET /QuanLyHangHoa/rest/hangHoa/danhSach HTTP/1.1" 200 392
0:0:0:0:0:0:0:1 - - [24/Mar/2026:09:07:18 +0700] "GET /QuanLyHangHoaWebClient/customer?action=khoHang HTTP/1.1" 200 4289
0:0:0:0:0:0:0:1 - - [24/Mar/2026:09:07:18 +0700] "GET /QuanLyHangHoaWebClient/styles/styles.css HTTP/1.1" 304 -
127.0.0.1 - - [24/Mar/2026:09:07:22 +0700] "GET /QuanLyTaiKhoan/rest/khachHang/danhSach HTTP/1.1" 200 696
0:0:0:0:0:0:0:1 - - [24/Mar/2026:09:07:22 +0700] "GET /QuanLyHangHoaWebClient/customer?action=danhSach HTTP/1.1" 200 10560
127.0.0.1 - - [24/Mar/2026:09:07:54 +0700] "POST /QuanLyTaiKhoan/rest/khachHang/capNhat HTTP/1.1" 200 254
127.0.0.1 - - [24/Mar/2026:09:07:54 +0700] "GET /QuanLyTaiKhoan/rest/khachHang/danhSach HTTP/1.1" 200 778
0:0:0:0:0:0:0:1 - - [24/Mar/2026:09:07:54 +0700] "POST /QuanLyHangHoaWebClient/customer HTTP/1.1" 200 10745
0:0:0:0:0:0:0:1 - - [24/Mar/2026:09:08:21 +0700] "GET /QuanLyHangHoaWebClient/customer?action=dangXuat HTTP/1.1" 302 -
0:0:0:0:0:0:0:1 - - [24/Mar/2026:09:08:21 +0700] "GET /QuanLyHangHoaWebClient/index.jsp HTTP/1.1" 200 638
127.0.0.1 - - [24/Mar/2026:09:08:25 +0700] "POST /QuanLyTaiKhoan/rest/khachHang/dangNhap HTTP/1.1" 200 254
0:0:0:0:0:0:0:1 - - [24/Mar/2026:09:08:25 +0700] "POST /QuanLyHangHoaWebClient/customer HTTP/1.1" 302 -
127.0.0.1 - - [24/Mar/2026:09:08:25 +0700] "GET /QuanLyHangHoa/rest/hangHoa/danhSach HTTP/1.1" 200 392
0:0:0:0:0:0:0:1 - - [24/Mar/2026:09:08:25 +0700] "GET /QuanLyHangHoaWebClient/customer?action=khoHang HTTP/1.1" 200 4273
0:0:0:0:0:0:0:1 - - [24/Mar/2026:09:08:26 +0700] "GET /QuanLyHangHoaWebClient/userInfo.jsp HTTP/1.1" 200 2861
0:0:0:0:0:0:0:1 - - [24/Mar/2026:09:10:40 +0700] "GET /QuanLyHangHoaWebClient/userInfo.jsp HTTP/1.1" 200 2958
0:0:0:0:0:0:0:1 - - [24/Mar/2026:09:10:40 +0700] "GET /QuanLyHangHoaWebClient/styles/styles.css HTTP/1.1" 304 -
127.0.0.1 - - [24/Mar/2026:09:13:27 +0700] "GET / HTTP/1.1" 404 1074
0:0:0:0:0:0:0:1 - - [24/Mar/2026:09:13:32 +0700] "GET /QuanLyHangHoaWebClient/userInfo.jsp HTTP/1.1" 200 2958
0:0:0:0:0:0:0:1 - - [24/Mar/2026:09:13:32 +0700] "GET /QuanLyHangHoaWebClient/styles/styles.css HTTP/1.1" 304 -
0:0:0:0:0:0:0:1 - - [24/Mar/2026:09:13:36 +0700] "GET /QuanLyHangHoaWebClient/customer?action=dangXuat HTTP/1.1" 302 -
0:0:0:0:0:0:0:1 - - [24/Mar/2026:09:13:36 +0700] "GET /QuanLyHangHoaWebClient/index.jsp HTTP/1.1" 200 638
127.0.0.1 - - [24/Mar/2026:09:13:41 +0700] "POST /QuanLyTaiKhoan/rest/khachHang/dangNhap HTTP/1.1" 200 174
0:0:0:0:0:0:0:1 - - [24/Mar/2026:09:13:42 +0700] "POST /QuanLyHangHoaWebClient/customer HTTP/1.1" 302 -
127.0.0.1 - - [24/Mar/2026:09:13:43 +0700] "GET /QuanLyHangHoa/rest/hangHoa/danhSach HTTP/1.1" 200 392
0:0:0:0:0:0:0:1 - - [24/Mar/2026:09:13:43 +0700] "GET /QuanLyHangHoaWebClient/customer?action=khoHang HTTP/1.1" 200 4289
127.0.0.1 - - [24/Mar/2026:09:13:45 +0700] "GET /QuanLyHangHoa/rest/hangHoa/danhSach HTTP/1.1" 200 392
0:0:0:0:0:0:0:1 - - [24/Mar/2026:09:13:45 +0700] "GET /QuanLyHangHoaWebClient/hanghoa?action=inventory HTTP/1.1" 200 9734
127.0.0.1 - - [24/Mar/2026:09:13:45 +0700] "GET /QuanLyTaiKhoan/rest/khachHang/danhSach HTTP/1.1" 200 696
0:0:0:0:0:0:0:1 - - [24/Mar/2026:09:13:46 +0700] "GET /QuanLyHangHoaWebClient/customer?action=danhSach HTTP/1.1" 200 11132
127.0.0.1 - - [24/Mar/2026:09:14:22 +0700] "POST /QuanLyTaiKhoan/rest/khachHang/capNhat HTTP/1.1" 200 253
127.0.0.1 - - [24/Mar/2026:09:14:22 +0700] "GET /QuanLyTaiKhoan/rest/khachHang/danhSach HTTP/1.1" 200 777
0:0:0:0:0:0:0:1 - - [24/Mar/2026:09:14:22 +0700] "POST /QuanLyHangHoaWebClient/customer HTTP/1.1" 200 11309
0:0:0:0:0:0:0:1 - - [24/Mar/2026:09:14:26 +0700] "GET /QuanLyHangHoaWebClient/customer?action=dangXuat HTTP/1.1" 302 -
0:0:0:0:0:0:0:1 - - [24/Mar/2026:09:14:26 +0700] "GET /QuanLyHangHoaWebClient/index.jsp HTTP/1.1" 200 638
127.0.0.1 - - [24/Mar/2026:09:14:30 +0700] "POST /QuanLyTaiKhoan/rest/khachHang/dangNhap HTTP/1.1" 200 253
0:0:0:0:0:0:0:1 - - [24/Mar/2026:09:14:30 +0700] "POST /QuanLyHangHoaWebClient/customer HTTP/1.1" 302 -
127.0.0.1 - - [24/Mar/2026:09:14:30 +0700] "GET /QuanLyHangHoa/rest/hangHoa/danhSach HTTP/1.1" 200 392
0:0:0:0:0:0:0:1 - - [24/Mar/2026:09:14:30 +0700] "GET /QuanLyHangHoaWebClient/customer?action=khoHang HTTP/1.1" 200 4289
127.0.0.1 - - [24/Mar/2026:09:14:31 +0700] "GET /QuanLyTaiKhoan/rest/khachHang/danhSach HTTP/1.1" 200 777
0:0:0:0:0:0:0:1 - - [24/Mar/2026:09:14:32 +0700] "GET /QuanLyHangHoaWebClient/customer?action=danhSach HTTP/1.1" 200 11178
127.0.0.1 - - [24/Mar/2026:09:14:33 +0700] "GET /QuanLyHangHoa/rest/hangHoa/danhSach HTTP/1.1" 200 392
0:0:0:0:0:0:0:1 - - [24/Mar/2026:09:14:33 +0700] "GET /QuanLyHangHoaWebClient/hanghoa?action=inventory HTTP/1.1" 200 9734
0:0:0:0:0:0:0:1 - - [24/Mar/2026:09:14:36 +0700] "GET /QuanLyHangHoaWebClient/customer?action=dangXuat HTTP/1.1" 302 -
0:0:0:0:0:0:0:1 - - [24/Mar/2026:09:14:36 +0700] "GET /QuanLyHangHoaWebClient/index.jsp HTTP/1.1" 200 638
127.0.0.1 - - [24/Mar/2026:09:14:51 +0700] "POST /QuanLyTaiKhoan/rest/khachHang/dangNhap HTTP/1.1" 200 174
0:0:0:0:0:0:0:1 - - [24/Mar/2026:09:14:51 +0700] "POST /QuanLyHangHoaWebClient/customer HTTP/1.1" 302 -
127.0.0.1 - - [24/Mar/2026:09:14:51 +0700] "GET /QuanLyHangHoa/rest/hangHoa/danhSach HTTP/1.1" 200 392
0:0:0:0:0:0:0:1 - - [24/Mar/2026:09:14:51 +0700] "GET /QuanLyHangHoaWebClient/customer?action=khoHang HTTP/1.1" 200 4289
127.0.0.1 - - [24/Mar/2026:09:17:34 +0700] "GET /QuanLyHangHoa/rest/hangHoa/danhSach HTTP/1.1" 200 392
0:0:0:0:0:0:0:1 - - [24/Mar/2026:09:17:34 +0700] "GET /QuanLyHangHoaWebClient/customer?action=khoHang HTTP/1.1" 200 4289
0:0:0:0:0:0:0:1 - - [24/Mar/2026:09:17:34 +0700] "GET /QuanLyHangHoaWebClient/styles/styles.css HTTP/1.1" 304 -
127.0.0.1 - - [24/Mar/2026:09:17:36 +0700] "GET /QuanLyTaiKhoan/rest/khachHang/danhSach HTTP/1.1" 200 777
0:0:0:0:0:0:0:1 - - [24/Mar/2026:09:17:36 +0700] "GET /QuanLyHangHoaWebClient/customer?action=danhSach HTTP/1.1" 200 11944
127.0.0.1 - - [24/Mar/2026:09:17:51 +0700] "GET /QuanLyTaiKhoan/rest/khachHang/danhSach HTTP/1.1" 200 777
0:0:0:0:0:0:0:1 - - [24/Mar/2026:09:17:52 +0700] "GET /QuanLyHangHoaWebClient/customer?action=danhSach HTTP/1.1" 200 11696
127.0.0.1 - - [24/Mar/2026:09:18:11 +0700] "GET /QuanLyTaiKhoan/rest/khachHang/danhSach HTTP/1.1" 200 777
0:0:0:0:0:0:0:1 - - [24/Mar/2026:09:18:11 +0700] "GET /QuanLyHangHoaWebClient/customer?action=danhSach HTTP/1.1" 200 11764
127.0.0.1 - - [24/Mar/2026:09:18:13 +0700] "GET /QuanLyTaiKhoan/rest/khachHang/danhSach HTTP/1.1" 200 777
0:0:0:0:0:0:0:1 - - [24/Mar/2026:09:18:13 +0700] "GET /QuanLyHangHoaWebClient/customer?action=danhSach HTTP/1.1" 200 11764
0:0:0:0:0:0:0:1 - - [24/Mar/2026:09:18:13 +0700] "GET /QuanLyHangHoaWebClient/styles/styles.css HTTP/1.1" 200 10878
0:0:0:0:0:0:0:1 - - [24/Mar/2026:09:18:13 +0700] "GET /favicon.ico HTTP/1.1" 404 1085
127.0.0.1 - - [24/Mar/2026:09:18:32 +0700] "GET /QuanLyTaiKhoan/rest/khachHang/danhSach HTTP/1.1" 200 777
0:0:0:0:0:0:0:1 - - [24/Mar/2026:09:18:32 +0700] "POST /QuanLyHangHoaWebClient/customer HTTP/1.1" 200 11901
127.0.0.1 - - [24/Mar/2026:09:18:46 +0700] "GET /QuanLyTaiKhoan/rest/khachHang/danhSach HTTP/1.1" 200 777
0:0:0:0:0:0:0:1 - - [24/Mar/2026:09:18:46 +0700] "POST /QuanLyHangHoaWebClient/customer HTTP/1.1" 200 11901
127.0.0.1 - - [24/Mar/2026:09:18:49 +0700] "GET /QuanLyTaiKhoan/rest/khachHang/danhSach HTTP/1.1" 200 777
0:0:0:0:0:0:0:1 - - [24/Mar/2026:09:18:49 +0700] "POST /QuanLyHangHoaWebClient/customer HTTP/1.1" 200 11901
127.0.0.1 - - [24/Mar/2026:09:19:00 +0700] "GET /QuanLyTaiKhoan/rest/khachHang/danhSach HTTP/1.1" 200 777
0:0:0:0:0:0:0:1 - - [24/Mar/2026:09:19:00 +0700] "POST /QuanLyHangHoaWebClient/customer HTTP/1.1" 200 11901
127.0.0.1 - - [24/Mar/2026:09:19:32 +0700] "GET /QuanLyTaiKhoan/rest/khachHang/danhSach HTTP/1.1" 200 777
0:0:0:0:0:0:0:1 - - [24/Mar/2026:09:19:32 +0700] "POST /QuanLyHangHoaWebClient/customer HTTP/1.1" 200 11901
0:0:0:0:0:0:0:1 - - [24/Mar/2026:09:19:32 +0700] "GET /QuanLyHangHoaWebClient/styles/styles.css HTTP/1.1" 200 10878
0:0:0:0:0:0:0:1 - - [24/Mar/2026:09:19:32 +0700] "GET /favicon.ico HTTP/1.1" 404 1085
0:0:0:0:0:0:0:1 - - [24/Mar/2026:09:19:36 +0700] "GET /QuanLyHangHoaWebClient/ HTTP/1.1" 200 638
0:0:0:0:0:0:0:1 - - [24/Mar/2026:09:19:38 +0700] "GET /QuanLyHangHoaWebClient/ HTTP/1.1" 200 638
0:0:0:0:0:0:0:1 - - [24/Mar/2026:09:19:38 +0700] "GET /QuanLyHangHoaWebClient/styles/login.css HTTP/1.1" 200 3104
0:0:0:0:0:0:0:1 - - [24/Mar/2026:09:19:38 +0700] "GET /favicon.ico HTTP/1.1" 404 1085
127.0.0.1 - - [24/Mar/2026:09:19:41 +0700] "POST /QuanLyTaiKhoan/rest/khachHang/dangNhap HTTP/1.1" 200 174
0:0:0:0:0:0:0:1 - - [24/Mar/2026:09:19:41 +0700] "POST /QuanLyHangHoaWebClient/customer HTTP/1.1" 302 -
127.0.0.1 - - [24/Mar/2026:09:19:41 +0700] "GET /QuanLyHangHoa/rest/hangHoa/danhSach HTTP/1.1" 200 392
0:0:0:0:0:0:0:1 - - [24/Mar/2026:09:19:41 +0700] "GET /QuanLyHangHoaWebClient/customer?action=khoHang HTTP/1.1" 200 4289
127.0.0.1 - - [24/Mar/2026:09:19:43 +0700] "GET /QuanLyTaiKhoan/rest/khachHang/danhSach HTTP/1.1" 200 777
0:0:0:0:0:0:0:1 - - [24/Mar/2026:09:19:43 +0700] "GET /QuanLyHangHoaWebClient/customer?action=danhSach HTTP/1.1" 200 11764
127.0.0.1 - - [24/Mar/2026:09:19:54 +0700] "GET / HTTP/1.1" 404 1074
0:0:0:0:0:0:0:1 - - [24/Mar/2026:09:20:04 +0700] "GET /QuanLyHangHoaWebClient/ HTTP/1.1" 200 638
0:0:0:0:0:0:0:1 - - [24/Mar/2026:09:20:05 +0700] "GET /QuanLyHangHoaWebClient/ HTTP/1.1" 200 638
0:0:0:0:0:0:0:1 - - [24/Mar/2026:09:20:05 +0700] "GET /QuanLyHangHoaWebClient/styles/login.css HTTP/1.1" 200 3104
0:0:0:0:0:0:0:1 - - [24/Mar/2026:09:20:05 +0700] "GET /favicon.ico HTTP/1.1" 404 1085
127.0.0.1 - - [24/Mar/2026:09:20:12 +0700] "POST /QuanLyTaiKhoan/rest/khachHang/dangNhap HTTP/1.1" 200 174
0:0:0:0:0:0:0:1 - - [24/Mar/2026:09:20:12 +0700] "POST /QuanLyHangHoaWebClient/customer HTTP/1.1" 302 -
127.0.0.1 - - [24/Mar/2026:09:20:13 +0700] "GET /QuanLyHangHoa/rest/hangHoa/danhSach HTTP/1.1" 200 392
0:0:0:0:0:0:0:1 - - [24/Mar/2026:09:20:13 +0700] "GET /QuanLyHangHoaWebClient/customer?action=khoHang HTTP/1.1" 200 4289
127.0.0.1 - - [24/Mar/2026:09:20:20 +0700] "GET /QuanLyTaiKhoan/rest/khachHang/danhSach HTTP/1.1" 200 696
0:0:0:0:0:0:0:1 - - [24/Mar/2026:09:20:20 +0700] "GET /QuanLyHangHoaWebClient/customer?action=danhSach HTTP/1.1" 200 11718
0:0:0:0:0:0:0:1 - - [24/Mar/2026:09:20:22 +0700] "GET /QuanLyHangHoaWebClient/customer?action=dangXuat HTTP/1.1" 302 -
0:0:0:0:0:0:0:1 - - [24/Mar/2026:09:20:22 +0700] "GET /QuanLyHangHoaWebClient/index.jsp HTTP/1.1" 200 638
127.0.0.1 - - [24/Mar/2026:09:20:25 +0700] "POST /QuanLyTaiKhoan/rest/khachHang/dangNhap HTTP/1.1" 200 172
0:0:0:0:0:0:0:1 - - [24/Mar/2026:09:20:25 +0700] "POST /QuanLyHangHoaWebClient/customer HTTP/1.1" 302 -
127.0.0.1 - - [24/Mar/2026:09:20:25 +0700] "GET /QuanLyHangHoa/rest/hangHoa/danhSach HTTP/1.1" 200 392
0:0:0:0:0:0:0:1 - - [24/Mar/2026:09:20:25 +0700] "GET /QuanLyHangHoaWebClient/customer?action=khoHang HTTP/1.1" 200 4273
0:0:0:0:0:0:0:1 - - [24/Mar/2026:09:20:28 +0700] "GET /QuanLyHangHoaWebClient/invoice?action=payment HTTP/1.1" 200 1196
0:0:0:0:0:0:0:1 - - [24/Mar/2026:09:20:29 +0700] "GET /QuanLyHangHoaWebClient/userInfo.jsp HTTP/1.1" 200 3273
127.0.0.1 - - [24/Mar/2026:09:20:33 +0700] "GET /QuanLyHangHoa/rest/hangHoa/danhSach HTTP/1.1" 200 392
0:0:0:0:0:0:0:1 - - [24/Mar/2026:09:20:33 +0700] "GET /QuanLyHangHoaWebClient/customer?action=khoHang HTTP/1.1" 200 4273
127.0.0.1 - - [24/Mar/2026:09:20:36 +0700] "GET /QuanLyHangHoa/rest/hangHoa/chiTiet?maSo=SP01 HTTP/1.1" 200 102
0:0:0:0:0:0:0:1 - - [24/Mar/2026:09:20:36 +0700] "POST /QuanLyHangHoaWebClient/invoice HTTP/1.1" 302 -
127.0.0.1 - - [24/Mar/2026:09:20:36 +0700] "GET /QuanLyHangHoa/rest/hangHoa/danhSach HTTP/1.1" 200 392
0:0:0:0:0:0:0:1 - - [24/Mar/2026:09:20:36 +0700] "GET /QuanLyHangHoaWebClient/customer?action=khoHang HTTP/1.1" 200 4273
127.0.0.1 - - [24/Mar/2026:09:20:37 +0700] "GET /QuanLyHangHoa/rest/hangHoa/chiTiet?maSo=SP02 HTTP/1.1" 200 98
0:0:0:0:0:0:0:1 - - [24/Mar/2026:09:20:37 +0700] "POST /QuanLyHangHoaWebClient/invoice HTTP/1.1" 302 -
127.0.0.1 - - [24/Mar/2026:09:20:37 +0700] "GET /QuanLyHangHoa/rest/hangHoa/danhSach HTTP/1.1" 200 392
0:0:0:0:0:0:0:1 - - [24/Mar/2026:09:20:37 +0700] "GET /QuanLyHangHoaWebClient/customer?action=khoHang HTTP/1.1" 200 4273
0:0:0:0:0:0:0:1 - - [24/Mar/2026:09:20:39 +0700] "GET /QuanLyHangHoaWebClient/invoice?action=payment HTTP/1.1" 200 3317
0:0:0:0:0:0:0:1 - - [24/Mar/2026:09:20:43 +0700] "GET /QuanLyHangHoaWebClient/customer?action=dangXuat HTTP/1.1" 302 -
0:0:0:0:0:0:0:1 - - [24/Mar/2026:09:20:43 +0700] "GET /QuanLyHangHoaWebClient/index.jsp HTTP/1.1" 200 638
127.0.0.1 - - [24/Mar/2026:09:20:47 +0700] "POST /QuanLyTaiKhoan/rest/khachHang/dangNhap HTTP/1.1" 200 174
0:0:0:0:0:0:0:1 - - [24/Mar/2026:09:20:47 +0700] "POST /QuanLyHangHoaWebClient/customer HTTP/1.1" 302 -
127.0.0.1 - - [24/Mar/2026:09:20:47 +0700] "GET /QuanLyHangHoa/rest/hangHoa/danhSach HTTP/1.1" 200 392
0:0:0:0:0:0:0:1 - - [24/Mar/2026:09:20:47 +0700] "GET /QuanLyHangHoaWebClient/customer?action=khoHang HTTP/1.1" 200 4289
127.0.0.1 - - [24/Mar/2026:09:20:50 +0700] "GET /QuanLyTaiKhoan/rest/khachHang/danhSach HTTP/1.1" 200 696
0:0:0:0:0:0:0:1 - - [24/Mar/2026:09:20:50 +0700] "GET /QuanLyHangHoaWebClient/customer?action=danhSach HTTP/1.1" 200 11718
127.0.0.1 - - [24/Mar/2026:09:21:11 +0700] "POST /QuanLyTaiKhoan/rest/khachHang/capNhat HTTP/1.1" 200 254
127.0.0.1 - - [24/Mar/2026:09:21:11 +0700] "GET /QuanLyTaiKhoan/rest/khachHang/danhSach HTTP/1.1" 200 778
0:0:0:0:0:0:0:1 - - [24/Mar/2026:09:21:11 +0700] "POST /QuanLyHangHoaWebClient/customer HTTP/1.1" 200 11903
0:0:0:0:0:0:0:1 - - [24/Mar/2026:09:21:15 +0700] "GET /QuanLyHangHoaWebClient/customer?action=dangXuat HTTP/1.1" 302 -
0:0:0:0:0:0:0:1 - - [24/Mar/2026:09:21:15 +0700] "GET /QuanLyHangHoaWebClient/index.jsp HTTP/1.1" 200 638
127.0.0.1 - - [24/Mar/2026:09:21:19 +0700] "POST /QuanLyTaiKhoan/rest/khachHang/dangNhap HTTP/1.1" 200 254
0:0:0:0:0:0:0:1 - - [24/Mar/2026:09:21:19 +0700] "POST /QuanLyHangHoaWebClient/customer HTTP/1.1" 302 -
127.0.0.1 - - [24/Mar/2026:09:21:19 +0700] "GET /QuanLyHangHoa/rest/hangHoa/danhSach HTTP/1.1" 200 392
0:0:0:0:0:0:0:1 - - [24/Mar/2026:09:21:19 +0700] "GET /QuanLyHangHoaWebClient/customer?action=khoHang HTTP/1.1" 200 4273
0:0:0:0:0:0:0:1 - - [24/Mar/2026:09:21:20 +0700] "GET /QuanLyHangHoaWebClient/invoice?action=payment HTTP/1.1" 200 4084
0:0:0:0:0:0:0:1 - - [24/Mar/2026:09:22:22 +0700] "GET /QuanLyHangHoaWebClient/invoice?action=payment HTTP/1.1" 200 4091
0:0:0:0:0:0:0:1 - - [24/Mar/2026:09:22:22 +0700] "GET /QuanLyHangHoaWebClient/styles/styles.css HTTP/1.1" 304 -
0:0:0:0:0:0:0:1 - - [24/Mar/2026:09:22:46 +0700] "GET /QuanLyHangHoaWebClient/invoice?action=payment HTTP/1.1" 200 4086
127.0.0.1 - - [24/Mar/2026:09:27:10 +0700] "GET / HTTP/1.1" 404 1074
0:0:0:0:0:0:0:1 - - [24/Mar/2026:09:27:16 +0700] "GET /QuanLyHangHoaWebClient/customer?action=dangXuat HTTP/1.1" 302 -
0:0:0:0:0:0:0:1 - - [24/Mar/2026:09:27:16 +0700] "GET /QuanLyHangHoaWebClient/index.jsp HTTP/1.1" 200 638
127.0.0.1 - - [24/Mar/2026:09:27:22 +0700] "POST /QuanLyTaiKhoan/rest/khachHang/dangNhap HTTP/1.1" 200 174
0:0:0:0:0:0:0:1 - - [24/Mar/2026:09:27:22 +0700] "POST /QuanLyHangHoaWebClient/customer HTTP/1.1" 302 -
127.0.0.1 - - [24/Mar/2026:09:27:24 +0700] "GET /QuanLyHangHoa/rest/hangHoa/danhSach HTTP/1.1" 200 392
0:0:0:0:0:0:0:1 - - [24/Mar/2026:09:27:24 +0700] "GET /QuanLyHangHoaWebClient/customer?action=khoHang HTTP/1.1" 200 4289
0:0:0:0:0:0:0:1 - - [24/Mar/2026:09:27:24 +0700] "GET /QuanLyHangHoaWebClient/styles/styles.css HTTP/1.1" 304 -
127.0.0.1 - - [24/Mar/2026:09:27:26 +0700] "GET /QuanLyTaiKhoan/rest/khachHang/danhSach HTTP/1.1" 200 696
0:0:0:0:0:0:0:1 - - [24/Mar/2026:09:27:27 +0700] "GET /QuanLyHangHoaWebClient/customer?action=danhSach HTTP/1.1" 200 12319
127.0.0.1 - - [24/Mar/2026:09:27:30 +0700] "GET /QuanLyHoaDon/rest/hoaDon/lichSu/2222 HTTP/1.1" 200 2
0:0:0:0:0:0:0:1 - - [24/Mar/2026:09:27:30 +0700] "GET /QuanLyHangHoaWebClient/invoice?action=adminHistory&cccd=2222 HTTP/1.1" 200 1218
0:0:0:0:0:0:0:1 - - [24/Mar/2026:09:27:37 +0700] "GET /QuanLyHangHoaWebClient/customer?action=dangXuat HTTP/1.1" 302 -
0:0:0:0:0:0:0:1 - - [24/Mar/2026:09:27:37 +0700] "GET /QuanLyHangHoaWebClient/index.jsp HTTP/1.1" 200 638
127.0.0.1 - - [24/Mar/2026:09:28:18 +0700] "POST /QuanLyTaiKhoan/rest/khachHang/dangNhap HTTP/1.1" 200 172
0:0:0:0:0:0:0:1 - - [24/Mar/2026:09:28:18 +0700] "POST /QuanLyHangHoaWebClient/customer HTTP/1.1" 302 -
127.0.0.1 - - [24/Mar/2026:09:28:18 +0700] "GET /QuanLyHangHoa/rest/hangHoa/danhSach HTTP/1.1" 200 392
0:0:0:0:0:0:0:1 - - [24/Mar/2026:09:28:18 +0700] "GET /QuanLyHangHoaWebClient/customer?action=khoHang HTTP/1.1" 200 4273
0:0:0:0:0:0:0:1 - - [24/Mar/2026:09:28:20 +0700] "GET /QuanLyHangHoaWebClient/invoice?action=payment HTTP/1.1" 200 1196
0:0:0:0:0:0:0:1 - - [24/Mar/2026:09:28:21 +0700] "GET /QuanLyHangHoaWebClient/userInfo.jsp HTTP/1.1" 200 3273
127.0.0.1 - - [24/Mar/2026:09:28:21 +0700] "GET /QuanLyHangHoa/rest/hangHoa/danhSach HTTP/1.1" 200 392
0:0:0:0:0:0:0:1 - - [24/Mar/2026:09:28:21 +0700] "GET /QuanLyHangHoaWebClient/customer?action=khoHang HTTP/1.1" 200 4273
127.0.0.1 - - [24/Mar/2026:09:28:25 +0700] "GET /QuanLyHangHoa/rest/hangHoa/chiTiet?maSo=SP01 HTTP/1.1" 200 102
0:0:0:0:0:0:0:1 - - [24/Mar/2026:09:28:25 +0700] "POST /QuanLyHangHoaWebClient/invoice HTTP/1.1" 302 -
127.0.0.1 - - [24/Mar/2026:09:28:25 +0700] "GET /QuanLyHangHoa/rest/hangHoa/danhSach HTTP/1.1" 200 392
0:0:0:0:0:0:0:1 - - [24/Mar/2026:09:28:25 +0700] "GET /QuanLyHangHoaWebClient/customer?action=khoHang HTTP/1.1" 200 4273
0:0:0:0:0:0:0:1 - - [24/Mar/2026:09:28:26 +0700] "GET /QuanLyHangHoaWebClient/userInfo.jsp HTTP/1.1" 200 3273
0:0:0:0:0:0:0:1 - - [24/Mar/2026:09:28:27 +0700] "GET /QuanLyHangHoaWebClient/invoice?action=payment HTTP/1.1" 200 2759
127.0.0.1 - - [24/Mar/2026:09:28:28 +0700] "POST /QuanLyHoaDon/rest/hoaDon/tao HTTP/1.1" 200 29
0:0:0:0:0:0:0:1 - - [24/Mar/2026:09:28:28 +0700] "POST /QuanLyHangHoaWebClient/invoice HTTP/1.1" 200 1329
127.0.0.1 - - [24/Mar/2026:09:28:30 +0700] "GET /QuanLyHoaDon/rest/hoaDon/lichSu/2222 HTTP/1.1" 200 252
0:0:0:0:0:0:0:1 - - [24/Mar/2026:09:28:30 +0700] "GET /QuanLyHangHoaWebClient/lichSu?action=xemLichSu HTTP/1.1" 200 3235
0:0:0:0:0:0:0:1 - - [24/Mar/2026:09:28:44 +0700] "GET /QuanLyHangHoaWebClient/userInfo.jsp HTTP/1.1" 200 3273
127.0.0.1 - - [24/Mar/2026:09:28:45 +0700] "POST /QuanLyTaiKhoan/rest/khachHang/2222/dangKyVip HTTP/1.1" 404 1078
0:0:0:0:0:0:0:1 - - [24/Mar/2026:09:28:45 +0700] "POST /QuanLyHangHoaWebClient/customer HTTP/1.1" 200 3324
0:0:0:0:0:0:0:1 - - [24/Mar/2026:09:29:29 +0700] "GET /QuanLyHangHoaWebClient/userInfo.jsp HTTP/1.1" 200 3282
127.0.0.1 - - [24/Mar/2026:09:29:33 +0700] "POST /QuanLyTaiKhoan/rest/khachHang/2222/dangKyVip HTTP/1.1" 404 1078
0:0:0:0:0:0:0:1 - - [24/Mar/2026:09:29:33 +0700] "POST /QuanLyHangHoaWebClient/customer HTTP/1.1" 200 3333
127.0.0.1 - - [24/Mar/2026:09:29:52 +0700] "GET / HTTP/1.1" 404 1074
0:0:0:0:0:0:0:1 - - [24/Mar/2026:09:29:58 +0700] "GET /QuanLyHangHoaWebClient/userInfo.jsp HTTP/1.1" 200 3282
0:0:0:0:0:0:0:1 - - [24/Mar/2026:09:30:03 +0700] "GET /QuanLyHangHoaWebClient/userInfo.jsp HTTP/1.1" 200 3282
0:0:0:0:0:0:0:1 - - [24/Mar/2026:09:30:03 +0700] "GET /QuanLyHangHoaWebClient/styles/styles.css HTTP/1.1" 200 10878
0:0:0:0:0:0:0:1 - - [24/Mar/2026:09:30:03 +0700] "GET /favicon.ico HTTP/1.1" 404 1085
127.0.0.1 - - [24/Mar/2026:09:30:08 +0700] "POST /QuanLyTaiKhoan/rest/khachHang/2222/dangKyVip HTTP/1.1" 404 1078
0:0:0:0:0:0:0:1 - - [24/Mar/2026:09:30:08 +0700] "POST /QuanLyHangHoaWebClient/customer HTTP/1.1" 200 3333
127.0.0.1 - - [24/Mar/2026:09:42:02 +0700] "GET / HTTP/1.1" 404 1074
0:0:0:0:0:0:0:1 - - [24/Mar/2026:09:42:05 +0700] "GET /QuanLyHangHoaWebClient/customer?action=dangXuat HTTP/1.1" 302 -
0:0:0:0:0:0:0:1 - - [24/Mar/2026:09:42:05 +0700] "GET /QuanLyHangHoaWebClient/index.jsp HTTP/1.1" 200 638
127.0.0.1 - - [24/Mar/2026:09:42:14 +0700] "POST /QuanLyTaiKhoan/rest/khachHang/dangNhap HTTP/1.1" 200 174
0:0:0:0:0:0:0:1 - - [24/Mar/2026:09:42:14 +0700] "POST /QuanLyHangHoaWebClient/customer HTTP/1.1" 302 -
127.0.0.1 - - [24/Mar/2026:09:42:15 +0700] "GET /QuanLyHangHoa/rest/hangHoa/danhSach HTTP/1.1" 200 392
0:0:0:0:0:0:0:1 - - [24/Mar/2026:09:42:16 +0700] "GET /QuanLyHangHoaWebClient/customer?action=khoHang HTTP/1.1" 200 5253
0:0:0:0:0:0:0:1 - - [24/Mar/2026:09:42:16 +0700] "GET /QuanLyHangHoaWebClient/styles/styles.css HTTP/1.1" 304 -
0:0:0:0:0:0:0:1 - - [24/Mar/2026:09:42:21 +0700] "GET /QuanLyHangHoaWebClient/customer?action=dangXuat HTTP/1.1" 302 -
0:0:0:0:0:0:0:1 - - [24/Mar/2026:09:42:21 +0700] "GET /QuanLyHangHoaWebClient/index.jsp HTTP/1.1" 200 638
127.0.0.1 - - [24/Mar/2026:09:42:25 +0700] "POST /QuanLyTaiKhoan/rest/khachHang/dangNhap HTTP/1.1" 200 172
0:0:0:0:0:0:0:1 - - [24/Mar/2026:09:42:25 +0700] "POST /QuanLyHangHoaWebClient/customer HTTP/1.1" 302 -
127.0.0.1 - - [24/Mar/2026:09:42:25 +0700] "GET /QuanLyHangHoa/rest/hangHoa/danhSach HTTP/1.1" 200 392
0:0:0:0:0:0:0:1 - - [24/Mar/2026:09:42:25 +0700] "GET /QuanLyHangHoaWebClient/customer?action=khoHang HTTP/1.1" 200 5237
127.0.0.1 - - [24/Mar/2026:09:43:48 +0700] "GET /QuanLyHangHoa/rest/hangHoa/danhSach HTTP/1.1" 200 392
0:0:0:0:0:0:0:1 - - [24/Mar/2026:09:43:48 +0700] "GET /QuanLyHangHoaWebClient/customer?action=khoHang HTTP/1.1" 200 5437
127.0.0.1 - - [24/Mar/2026:09:43:56 +0700] "GET /QuanLyHangHoa/rest/hangHoa/danhSach HTTP/1.1" 200 392
0:0:0:0:0:0:0:1 - - [24/Mar/2026:09:43:56 +0700] "GET /QuanLyHangHoaWebClient/customer?action=khoHang HTTP/1.1" 200 5433
127.0.0.1 - - [24/Mar/2026:09:44:11 +0700] "GET /QuanLyHangHoa/rest/hangHoa/chiTiet?maSo=SP01 HTTP/1.1" 200 102
0:0:0:0:0:0:0:1 - - [24/Mar/2026:09:44:11 +0700] "POST /QuanLyHangHoaWebClient/invoice HTTP/1.1" 302 -
127.0.0.1 - - [24/Mar/2026:09:44:11 +0700] "GET /QuanLyHangHoa/rest/hangHoa/danhSach HTTP/1.1" 200 392
0:0:0:0:0:0:0:1 - - [24/Mar/2026:09:44:11 +0700] "GET /QuanLyHangHoaWebClient/customer?action=khoHang HTTP/1.1" 200 5433
0:0:0:0:0:0:0:1 - - [24/Mar/2026:09:44:12 +0700] "GET /QuanLyHangHoaWebClient/invoice?action=payment HTTP/1.1" 200 2759
0:0:0:0:0:0:0:1 - - [24/Mar/2026:09:44:19 +0700] "GET /QuanLyHangHoaWebClient/userInfo.jsp HTTP/1.1" 200 3273
127.0.0.1 - - [24/Mar/2026:09:44:21 +0700] "POST /QuanLyTaiKhoan/rest/khachHang/2222/dangKyVip HTTP/1.1" 404 1078
0:0:0:0:0:0:0:1 - - [24/Mar/2026:09:44:21 +0700] "POST /QuanLyHangHoaWebClient/customer HTTP/1.1" 200 3324
0:0:0:0:0:0:0:1 - - [24/Mar/2026:09:44:23 +0700] "GET /QuanLyHangHoaWebClient/invoice?action=payment HTTP/1.1" 200 2759
0:0:0:0:0:0:0:1 - - [24/Mar/2026:09:44:34 +0700] "GET /QuanLyHangHoaWebClient/userInfo.jsp HTTP/1.1" 200 3273
0:0:0:0:0:0:0:1 - - [24/Mar/2026:09:44:43 +0700] "GET /QuanLyHangHoaWebClient/invoice?action=payment HTTP/1.1" 200 2759
127.0.0.1 - - [24/Mar/2026:09:44:45 +0700] "GET /QuanLyHangHoa/rest/hangHoa/danhSach HTTP/1.1" 200 392
0:0:0:0:0:0:0:1 - - [24/Mar/2026:09:44:45 +0700] "GET /QuanLyHangHoaWebClient/customer?action=khoHang HTTP/1.1" 200 5433
0:0:0:0:0:0:0:1 - - [24/Mar/2026:09:44:45 +0700] "GET /QuanLyHangHoaWebClient/userInfo.jsp HTTP/1.1" 200 3273
0:0:0:0:0:0:0:1 - - [24/Mar/2026:09:44:48 +0700] "GET /QuanLyHangHoaWebClient/invoice?action=payment HTTP/1.1" 200 2759
0:0:0:0:0:0:0:1 - - [24/Mar/2026:09:44:54 +0700] "GET /QuanLyHangHoaWebClient/customer?action=dangXuat HTTP/1.1" 302 -
0:0:0:0:0:0:0:1 - - [24/Mar/2026:09:44:54 +0700] "GET /QuanLyHangHoaWebClient/index.jsp HTTP/1.1" 200 638
127.0.0.1 - - [24/Mar/2026:09:44:58 +0700] "POST /QuanLyTaiKhoan/rest/khachHang/dangNhap HTTP/1.1" 200 174
0:0:0:0:0:0:0:1 - - [24/Mar/2026:09:44:58 +0700] "POST /QuanLyHangHoaWebClient/customer HTTP/1.1" 302 -
127.0.0.1 - - [24/Mar/2026:09:44:58 +0700] "GET /QuanLyHangHoa/rest/hangHoa/danhSach HTTP/1.1" 200 392
0:0:0:0:0:0:0:1 - - [24/Mar/2026:09:44:58 +0700] "GET /QuanLyHangHoaWebClient/customer?action=khoHang HTTP/1.1" 200 5449
127.0.0.1 - - [24/Mar/2026:09:45:00 +0700] "GET /QuanLyTaiKhoan/rest/khachHang/danhSach HTTP/1.1" 200 696
0:0:0:0:0:0:0:1 - - [24/Mar/2026:09:45:00 +0700] "GET /QuanLyHangHoaWebClient/customer?action=danhSach HTTP/1.1" 200 12319
127.0.0.1 - - [24/Mar/2026:09:45:21 +0700] "POST /QuanLyTaiKhoan/rest/khachHang/capNhat HTTP/1.1" 200 254
127.0.0.1 - - [24/Mar/2026:09:45:21 +0700] "GET /QuanLyTaiKhoan/rest/khachHang/danhSach HTTP/1.1" 200 778
0:0:0:0:0:0:0:1 - - [24/Mar/2026:09:45:21 +0700] "POST /QuanLyHangHoaWebClient/customer HTTP/1.1" 200 12504
0:0:0:0:0:0:0:1 - - [24/Mar/2026:09:46:23 +0700] "GET /QuanLyHangHoaWebClient/customer?action=dangXuat HTTP/1.1" 302 -
0:0:0:0:0:0:0:1 - - [24/Mar/2026:09:46:23 +0700] "GET /QuanLyHangHoaWebClient/index.jsp HTTP/1.1" 200 638
127.0.0.1 - - [24/Mar/2026:09:46:26 +0700] "POST /QuanLyTaiKhoan/rest/khachHang/dangNhap HTTP/1.1" 200 254
0:0:0:0:0:0:0:1 - - [24/Mar/2026:09:46:26 +0700] "POST /QuanLyHangHoaWebClient/customer HTTP/1.1" 302 -
127.0.0.1 - - [24/Mar/2026:09:46:26 +0700] "GET /QuanLyHangHoa/rest/hangHoa/danhSach HTTP/1.1" 200 392
0:0:0:0:0:0:0:1 - - [24/Mar/2026:09:46:26 +0700] "GET /QuanLyHangHoaWebClient/customer?action=khoHang HTTP/1.1" 200 5433
0:0:0:0:0:0:0:1 - - [24/Mar/2026:09:46:29 +0700] "GET /QuanLyHangHoaWebClient/invoice?action=payment HTTP/1.1" 200 3528
0:0:0:0:0:0:0:1 - - [24/Mar/2026:09:47:19 +0700] "GET /QuanLyHangHoaWebClient/customer?action=dangXuat HTTP/1.1" 302 -
0:0:0:0:0:0:0:1 - - [24/Mar/2026:09:47:19 +0700] "GET /QuanLyHangHoaWebClient/index.jsp HTTP/1.1" 200 638
127.0.0.1 - - [24/Mar/2026:09:47:22 +0700] "POST /QuanLyTaiKhoan/rest/khachHang/dangNhap HTTP/1.1" 200 174
0:0:0:0:0:0:0:1 - - [24/Mar/2026:09:47:22 +0700] "POST /QuanLyHangHoaWebClient/customer HTTP/1.1" 302 -
127.0.0.1 - - [24/Mar/2026:09:47:22 +0700] "GET /QuanLyHangHoa/rest/hangHoa/danhSach HTTP/1.1" 200 392
0:0:0:0:0:0:0:1 - - [24/Mar/2026:09:47:22 +0700] "GET /QuanLyHangHoaWebClient/customer?action=khoHang HTTP/1.1" 200 5449
0:0:0:0:0:0:0:1 - - [24/Mar/2026:09:47:22 +0700] "GET /QuanLyHangHoaWebClient/styles/styles.css HTTP/1.1" 304 -
127.0.0.1 - - [24/Mar/2026:09:47:24 +0700] "GET /QuanLyTaiKhoan/rest/khachHang/danhSach HTTP/1.1" 200 778
0:0:0:0:0:0:0:1 - - [24/Mar/2026:09:47:24 +0700] "GET /QuanLyHangHoaWebClient/customer?action=danhSach HTTP/1.1" 200 12373
127.0.0.1 - - [24/Mar/2026:09:47:41 +0700] "POST /QuanLyTaiKhoan/rest/khachHang/capNhat HTTP/1.1" 200 254
127.0.0.1 - - [24/Mar/2026:09:47:41 +0700] "GET /QuanLyTaiKhoan/rest/khachHang/danhSach HTTP/1.1" 200 778
0:0:0:0:0:0:0:1 - - [24/Mar/2026:09:47:41 +0700] "POST /QuanLyHangHoaWebClient/customer HTTP/1.1" 200 12470
0:0:0:0:0:0:0:1 - - [24/Mar/2026:09:47:44 +0700] "GET /QuanLyHangHoaWebClient/customer?action=dangXuat HTTP/1.1" 302 -
0:0:0:0:0:0:0:1 - - [24/Mar/2026:09:47:44 +0700] "GET /QuanLyHangHoaWebClient/index.jsp HTTP/1.1" 200 638
127.0.0.1 - - [24/Mar/2026:09:47:47 +0700] "POST /QuanLyTaiKhoan/rest/khachHang/dangNhap HTTP/1.1" 200 254
0:0:0:0:0:0:0:1 - - [24/Mar/2026:09:47:47 +0700] "POST /QuanLyHangHoaWebClient/customer HTTP/1.1" 302 -
127.0.0.1 - - [24/Mar/2026:09:47:47 +0700] "GET /QuanLyHangHoa/rest/hangHoa/danhSach HTTP/1.1" 200 392
0:0:0:0:0:0:0:1 - - [24/Mar/2026:09:47:47 +0700] "GET /QuanLyHangHoaWebClient/customer?action=khoHang HTTP/1.1" 200 5433
0:0:0:0:0:0:0:1 - - [24/Mar/2026:09:47:49 +0700] "GET /QuanLyHangHoaWebClient/invoice?action=payment HTTP/1.1" 200 2759
127.0.0.1 - - [24/Mar/2026:09:47:55 +0700] "POST /QuanLyHoaDon/rest/hoaDon/tao HTTP/1.1" 200 29
0:0:0:0:0:0:0:1 - - [24/Mar/2026:09:47:55 +0700] "POST /QuanLyHangHoaWebClient/invoice HTTP/1.1" 200 1329
0:0:0:0:0:0:0:1 - - [24/Mar/2026:09:47:57 +0700] "GET /QuanLyHangHoaWebClient/invoice?action=payment HTTP/1.1" 200 1196
127.0.0.1 - - [24/Mar/2026:09:47:58 +0700] "GET /QuanLyHoaDon/rest/hoaDon/lichSu/2222 HTTP/1.1" 200 252
0:0:0:0:0:0:0:1 - - [24/Mar/2026:09:47:58 +0700] "GET /QuanLyHangHoaWebClient/lichSu?action=xemLichSu HTTP/1.1" 200 3235
0:0:0:0:0:0:0:1 - - [24/Mar/2026:09:48:01 +0700] "GET /QuanLyHangHoaWebClient/userInfo.jsp HTTP/1.1" 200 3273
127.0.0.1 - - [24/Mar/2026:09:48:03 +0700] "GET /QuanLyHangHoa/rest/hangHoa/danhSach HTTP/1.1" 200 392
0:0:0:0:0:0:0:1 - - [24/Mar/2026:09:48:03 +0700] "GET /QuanLyHangHoaWebClient/customer?action=khoHang HTTP/1.1" 200 5433
127.0.0.1 - - [24/Mar/2026:09:48:06 +0700] "GET /QuanLyHangHoa/rest/hangHoa/chiTiet?maSo=SP02 HTTP/1.1" 200 98
0:0:0:0:0:0:0:1 - - [24/Mar/2026:09:48:06 +0700] "POST /QuanLyHangHoaWebClient/invoice HTTP/1.1" 302 -
127.0.0.1 - - [24/Mar/2026:09:48:06 +0700] "GET /QuanLyHangHoa/rest/hangHoa/danhSach HTTP/1.1" 200 392
0:0:0:0:0:0:0:1 - - [24/Mar/2026:09:48:06 +0700] "GET /QuanLyHangHoaWebClient/customer?action=khoHang HTTP/1.1" 200 5433
0:0:0:0:0:0:0:1 - - [24/Mar/2026:09:48:07 +0700] "GET /QuanLyHangHoaWebClient/invoice?action=payment HTTP/1.1" 200 2757
127.0.0.1 - - [24/Mar/2026:09:48:08 +0700] "POST /QuanLyHoaDon/rest/hoaDon/tao HTTP/1.1" 200 29
0:0:0:0:0:0:0:1 - - [24/Mar/2026:09:48:08 +0700] "POST /QuanLyHangHoaWebClient/invoice HTTP/1.1" 200 1329
127.0.0.1 - - [24/Mar/2026:09:48:09 +0700] "GET /QuanLyHoaDon/rest/hoaDon/lichSu/2222 HTTP/1.1" 200 499
0:0:0:0:0:0:0:1 - - [24/Mar/2026:09:48:09 +0700] "GET /QuanLyHangHoaWebClient/lichSu?action=xemLichSu HTTP/1.1" 200 5629
0:0:0:0:0:0:0:1 - - [24/Mar/2026:09:48:10 +0700] "GET /QuanLyHangHoaWebClient/customer?action=dangXuat HTTP/1.1" 302 -
0:0:0:0:0:0:0:1 - - [24/Mar/2026:09:48:10 +0700] "GET /QuanLyHangHoaWebClient/index.jsp HTTP/1.1" 200 638
127.0.0.1 - - [24/Mar/2026:09:48:16 +0700] "POST /QuanLyTaiKhoan/rest/khachHang/dangNhap HTTP/1.1" 200 174
0:0:0:0:0:0:0:1 - - [24/Mar/2026:09:48:16 +0700] "POST /QuanLyHangHoaWebClient/customer HTTP/1.1" 302 -
127.0.0.1 - - [24/Mar/2026:09:48:16 +0700] "GET /QuanLyHangHoa/rest/hangHoa/danhSach HTTP/1.1" 200 392
0:0:0:0:0:0:0:1 - - [24/Mar/2026:09:48:16 +0700] "GET /QuanLyHangHoaWebClient/customer?action=khoHang HTTP/1.1" 200 5449
127.0.0.1 - - [24/Mar/2026:09:48:18 +0700] "GET /QuanLyTaiKhoan/rest/khachHang/danhSach HTTP/1.1" 200 778
