0:0:0:0:0:0:0:1 - - [24/Mar/2026:09:48:18 +0700] "GET /QuanLyHangHoaWebClient/customer?action=danhSach HTTP/1.1" 200 12339
127.0.0.1 - - [24/Mar/2026:09:48:22 +0700] "GET /QuanLyHoaDon/rest/hoaDon/lichSu/2222 HTTP/1.1" 200 499
0:0:0:0:0:0:0:1 - - [24/Mar/2026:09:48:22 +0700] "GET /QuanLyHangHoaWebClient/invoice?action=adminHistory&cccd=2222 HTTP/1.1" 200 5641
0:0:0:0:0:0:0:1 - - [24/Mar/2026:09:48:27 +0700] "GET /QuanLyHangHoaWebClient/customer?action=dangXuat HTTP/1.1" 302 -
0:0:0:0:0:0:0:1 - - [24/Mar/2026:09:48:28 +0700] "GET /QuanLyHangHoaWebClient/index.jsp HTTP/1.1" 200 638
127.0.0.1 - - [24/Mar/2026:09:48:31 +0700] "POST /QuanLyTaiKhoan/rest/khachHang/dangNhap HTTP/1.1" 200 254
0:0:0:0:0:0:0:1 - - [24/Mar/2026:09:48:31 +0700] "POST /QuanLyHangHoaWebClient/customer HTTP/1.1" 302 -
127.0.0.1 - - [24/Mar/2026:09:48:31 +0700] "GET /QuanLyHangHoa/rest/hangHoa/danhSach HTTP/1.1" 200 392
0:0:0:0:0:0:0:1 - - [24/Mar/2026:09:48:31 +0700] "GET /QuanLyHangHoaWebClient/customer?action=khoHang HTTP/1.1" 200 5433
0:0:0:0:0:0:0:1 - - [24/Mar/2026:09:51:29 +0700] "GET /QuanLyHangHoaWebClient/userInfo.jsp HTTP/1.1" 200 3273
0:0:0:0:0:0:0:1 - - [24/Mar/2026:09:51:31 +0700] "POST /QuanLyHangHoaWebClient/customer HTTP/1.1" 200 3324
127.0.0.1 - - [24/Mar/2026:09:51:31 +0700] "POST /QuanLyTaiKhoan/rest/khachHang/2222/dangKyVip HTTP/1.1" 404 1078
127.0.0.1 - - [24/Mar/2026:09:51:43 +0700] "POST /QuanLyTaiKhoan/rest/khachHang/2222/dangKyVip HTTP/1.1" 404 1078
0:0:0:0:0:0:0:1 - - [24/Mar/2026:09:51:43 +0700] "POST /QuanLyHangHoaWebClient/customer HTTP/1.1" 200 3324
127.0.0.1 - - [24/Mar/2026:09:52:25 +0700] "GET /QuanLyHangHoa/rest/hangHoa/danhSach HTTP/1.1" 200 392
0:0:0:0:0:0:0:1 - - [24/Mar/2026:09:52:25 +0700] "GET /QuanLyHangHoaWebClient/customer?action=khoHang HTTP/1.1" 200 5433
0:0:0:0:0:0:0:1 - - [24/Mar/2026:09:52:27 +0700] "GET /QuanLyHangHoaWebClient/userInfo.jsp HTTP/1.1" 200 3273
0:0:0:0:0:0:0:1 - - [24/Mar/2026:09:52:30 +0700] "GET /QuanLyHangHoaWebClient/invoice?action=payment HTTP/1.1" 200 1196
127.0.0.1 - - [24/Mar/2026:09:52:32 +0700] "GET /QuanLyHangHoa/rest/hangHoa/danhSach HTTP/1.1" 200 392
0:0:0:0:0:0:0:1 - - [24/Mar/2026:09:52:32 +0700] "GET /QuanLyHangHoaWebClient/customer?action=khoHang HTTP/1.1" 200 5433
0:0:0:0:0:0:0:1 - - [24/Mar/2026:09:52:33 +0700] "POST /QuanLyHangHoaWebClient/invoice HTTP/1.1" 302 -
127.0.0.1 - - [24/Mar/2026:09:52:33 +0700] "GET /QuanLyHangHoa/rest/hangHoa/chiTiet?maSo=SP01 HTTP/1.1" 200 102
127.0.0.1 - - [24/Mar/2026:09:52:33 +0700] "GET /QuanLyHangHoa/rest/hangHoa/danhSach HTTP/1.1" 200 392
0:0:0:0:0:0:0:1 - - [24/Mar/2026:09:52:33 +0700] "GET /QuanLyHangHoaWebClient/customer?action=khoHang HTTP/1.1" 200 5433
0:0:0:0:0:0:0:1 - - [24/Mar/2026:09:52:35 +0700] "GET /QuanLyHangHoaWebClient/invoice?action=payment HTTP/1.1" 200 2759
0:0:0:0:0:0:0:1 - - [24/Mar/2026:09:52:42 +0700] "GET /QuanLyHangHoaWebClient/customer?action=dangXuat HTTP/1.1" 302 -
0:0:0:0:0:0:0:1 - - [24/Mar/2026:09:52:42 +0700] "GET /QuanLyHangHoaWebClient/index.jsp HTTP/1.1" 200 638
127.0.0.1 - - [24/Mar/2026:09:52:46 +0700] "POST /QuanLyTaiKhoan/rest/khachHang/dangNhap HTTP/1.1" 200 174
0:0:0:0:0:0:0:1 - - [24/Mar/2026:09:52:46 +0700] "POST /QuanLyHangHoaWebClient/customer HTTP/1.1" 302 -
127.0.0.1 - - [24/Mar/2026:09:52:46 +0700] "GET /QuanLyHangHoa/rest/hangHoa/danhSach HTTP/1.1" 200 392
0:0:0:0:0:0:0:1 - - [24/Mar/2026:09:52:46 +0700] "GET /QuanLyHangHoaWebClient/customer?action=khoHang HTTP/1.1" 200 5449
0:0:0:0:0:0:0:1 - - [24/Mar/2026:09:52:46 +0700] "GET /QuanLyHangHoaWebClient/styles/styles.css HTTP/1.1" 304 -
127.0.0.1 - - [24/Mar/2026:09:52:48 +0700] "GET /QuanLyTaiKhoan/rest/khachHang/danhSach HTTP/1.1" 200 778
0:0:0:0:0:0:0:1 - - [24/Mar/2026:09:52:48 +0700] "GET /QuanLyHangHoaWebClient/customer?action=danhSach HTTP/1.1" 200 12339
127.0.0.1 - - [24/Mar/2026:09:52:58 +0700] "POST /QuanLyTaiKhoan/rest/khachHang/capNhat HTTP/1.1" 200 253
127.0.0.1 - - [24/Mar/2026:09:52:58 +0700] "GET /QuanLyTaiKhoan/rest/khachHang/danhSach HTTP/1.1" 200 777
0:0:0:0:0:0:0:1 - - [24/Mar/2026:09:52:58 +0700] "POST /QuanLyHangHoaWebClient/customer HTTP/1.1" 200 12496
127.0.0.1 - - [24/Mar/2026:09:53:05 +0700] "GET /QuanLyTaiKhoan/rest/khachHang/danhSach HTTP/1.1" 200 777
0:0:0:0:0:0:0:1 - - [24/Mar/2026:09:53:05 +0700] "POST /QuanLyHangHoaWebClient/customer HTTP/1.1" 200 12502
0:0:0:0:0:0:0:1 - - [24/Mar/2026:09:53:11 +0700] "GET /QuanLyHangHoaWebClient/customer?action=dangXuat HTTP/1.1" 302 -
0:0:0:0:0:0:0:1 - - [24/Mar/2026:09:53:11 +0700] "GET /QuanLyHangHoaWebClient/index.jsp HTTP/1.1" 200 638
127.0.0.1 - - [24/Mar/2026:09:53:16 +0700] "POST /QuanLyTaiKhoan/rest/khachHang/dangNhap HTTP/1.1" 200 253
0:0:0:0:0:0:0:1 - - [24/Mar/2026:09:53:16 +0700] "POST /QuanLyHangHoaWebClient/customer HTTP/1.1" 302 -
127.0.0.1 - - [24/Mar/2026:09:53:16 +0700] "GET /QuanLyHangHoa/rest/hangHoa/danhSach HTTP/1.1" 200 392
0:0:0:0:0:0:0:1 - - [24/Mar/2026:09:53:16 +0700] "GET /QuanLyHangHoaWebClient/customer?action=khoHang HTTP/1.1" 200 5449
127.0.0.1 - - [24/Mar/2026:09:53:18 +0700] "GET /QuanLyHangHoa/rest/hangHoa/danhSach HTTP/1.1" 200 392
0:0:0:0:0:0:0:1 - - [24/Mar/2026:09:53:18 +0700] "GET /QuanLyHangHoaWebClient/hanghoa?action=inventory HTTP/1.1" 200 9734
127.0.0.1 - - [24/Mar/2026:09:53:19 +0700] "GET /QuanLyTaiKhoan/rest/khachHang/danhSach HTTP/1.1" 200 777
0:0:0:0:0:0:0:1 - - [24/Mar/2026:09:53:19 +0700] "GET /QuanLyHangHoaWebClient/customer?action=danhSach HTTP/1.1" 200 12365
127.0.0.1 - - [24/Mar/2026:09:53:21 +0700] "GET /QuanLyHangHoa/rest/hangHoa/danhSach HTTP/1.1" 200 392
0:0:0:0:0:0:0:1 - - [24/Mar/2026:09:53:21 +0700] "GET /QuanLyHangHoaWebClient/customer?action=khoHang HTTP/1.1" 200 5449
127.0.0.1 - - [24/Mar/2026:09:53:36 +0700] "GET / HTTP/1.1" 404 1074
127.0.0.1 - - [24/Mar/2026:09:54:38 +0700] "GET /QuanLyHangHoa/rest/hangHoa/danhSach HTTP/1.1" 200 392
0:0:0:0:0:0:0:1 - - [24/Mar/2026:09:54:38 +0700] "GET /QuanLyHangHoaWebClient/customer?action=khoHang HTTP/1.1" 200 5449
0:0:0:0:0:0:0:1 - - [24/Mar/2026:09:54:38 +0700] "GET /QuanLyHangHoaWebClient/styles/styles.css HTTP/1.1" 200 10878
0:0:0:0:0:0:0:1 - - [24/Mar/2026:09:54:38 +0700] "GET /favicon.ico HTTP/1.1" 404 1085
127.0.0.1 - - [24/Mar/2026:09:54:44 +0700] "GET /QuanLyTaiKhoan/rest/khachHang/danhSach HTTP/1.1" 200 696
127.0.0.1 - - [24/Mar/2026:09:54:44 +0700] "GET /QuanLyTaiKhoan/rest/khachHang/danhSach HTTP/1.1" 200 696
0:0:0:0:0:0:0:1 - - [24/Mar/2026:09:54:44 +0700] "GET /QuanLyHangHoaWebClient/customer?action=danhSach HTTP/1.1" 200 12319
0:0:0:0:0:0:0:1 - - [24/Mar/2026:09:54:44 +0700] "GET /QuanLyHangHoaWebClient/customer?action=danhSach HTTP/1.1" 200 12319
127.0.0.1 - - [24/Mar/2026:09:55:01 +0700] "POST /QuanLyTaiKhoan/rest/khachHang/capNhat HTTP/1.1" 200 254
127.0.0.1 - - [24/Mar/2026:09:55:01 +0700] "GET /QuanLyTaiKhoan/rest/khachHang/danhSach HTTP/1.1" 200 778
0:0:0:0:0:0:0:1 - - [24/Mar/2026:09:55:01 +0700] "POST /QuanLyHangHoaWebClient/customer HTTP/1.1" 200 12504
0:0:0:0:0:0:0:1 - - [24/Mar/2026:09:55:05 +0700] "GET /QuanLyHangHoaWebClient/customer?action=dangXuat HTTP/1.1" 302 -
0:0:0:0:0:0:0:1 - - [24/Mar/2026:09:55:05 +0700] "GET /QuanLyHangHoaWebClient/index.jsp HTTP/1.1" 200 638
127.0.0.1 - - [24/Mar/2026:09:55:08 +0700] "POST /QuanLyTaiKhoan/rest/khachHang/dangNhap HTTP/1.1" 401 33
0:0:0:0:0:0:0:1 - - [24/Mar/2026:09:55:08 +0700] "POST /QuanLyHangHoaWebClient/customer HTTP/1.1" 200 671
127.0.0.1 - - [24/Mar/2026:09:55:12 +0700] "POST /QuanLyTaiKhoan/rest/khachHang/dangNhap HTTP/1.1" 200 254
0:0:0:0:0:0:0:1 - - [24/Mar/2026:09:55:12 +0700] "POST /QuanLyHangHoaWebClient/customer HTTP/1.1" 302 -
127.0.0.1 - - [24/Mar/2026:09:55:12 +0700] "GET /QuanLyHangHoa/rest/hangHoa/danhSach HTTP/1.1" 200 392
0:0:0:0:0:0:0:1 - - [24/Mar/2026:09:55:12 +0700] "GET /QuanLyHangHoaWebClient/customer?action=khoHang HTTP/1.1" 200 5433
0:0:0:0:0:0:0:1 - - [24/Mar/2026:09:55:13 +0700] "GET /QuanLyHangHoaWebClient/invoice?action=payment HTTP/1.1" 200 1196
0:0:0:0:0:0:0:1 - - [24/Mar/2026:09:55:14 +0700] "GET /QuanLyHangHoaWebClient/userInfo.jsp HTTP/1.1" 200 2958
127.0.0.1 - - [24/Mar/2026:09:55:14 +0700] "GET /QuanLyHangHoa/rest/hangHoa/danhSach HTTP/1.1" 200 392
0:0:0:0:0:0:0:1 - - [24/Mar/2026:09:55:14 +0700] "GET /QuanLyHangHoaWebClient/customer?action=khoHang HTTP/1.1" 200 5433
0:0:0:0:0:0:0:1 - - [24/Mar/2026:09:55:15 +0700] "GET /QuanLyHangHoaWebClient/userInfo.jsp HTTP/1.1" 200 2958
127.0.0.1 - - [24/Mar/2026:09:55:17 +0700] "GET /QuanLyHangHoa/rest/hangHoa/danhSach HTTP/1.1" 200 392
0:0:0:0:0:0:0:1 - - [24/Mar/2026:09:55:17 +0700] "GET /QuanLyHangHoaWebClient/customer?action=khoHang HTTP/1.1" 200 5433
127.0.0.1 - - [24/Mar/2026:09:55:20 +0700] "GET /QuanLyHangHoa/rest/hangHoa/chiTiet?maSo=SP01 HTTP/1.1" 200 102
0:0:0:0:0:0:0:1 - - [24/Mar/2026:09:55:20 +0700] "POST /QuanLyHangHoaWebClient/invoice HTTP/1.1" 302 -
127.0.0.1 - - [24/Mar/2026:09:55:20 +0700] "GET /QuanLyHangHoa/rest/hangHoa/danhSach HTTP/1.1" 200 392
0:0:0:0:0:0:0:1 - - [24/Mar/2026:09:55:20 +0700] "GET /QuanLyHangHoaWebClient/customer?action=khoHang HTTP/1.1" 200 5433
0:0:0:0:0:0:0:1 - - [24/Mar/2026:09:55:21 +0700] "GET /QuanLyHangHoaWebClient/invoice?action=payment HTTP/1.1" 200 3530
127.0.0.1 - - [24/Mar/2026:09:55:25 +0700] "POST /QuanLyHoaDon/rest/hoaDon/tao HTTP/1.1" 200 29
0:0:0:0:0:0:0:1 - - [24/Mar/2026:09:55:25 +0700] "POST /QuanLyHangHoaWebClient/invoice HTTP/1.1" 200 1329
127.0.0.1 - - [24/Mar/2026:09:55:27 +0700] "GET /QuanLyHoaDon/rest/hoaDon/lichSu/2222 HTTP/1.1" 200 252
0:0:0:0:0:0:0:1 - - [24/Mar/2026:09:55:27 +0700] "GET /QuanLyHangHoaWebClient/lichSu?action=xemLichSu HTTP/1.1" 200 3235
0:0:0:0:0:0:0:1 - - [24/Mar/2026:09:55:34 +0700] "GET /QuanLyHangHoaWebClient/customer?action=dangXuat HTTP/1.1" 302 -
0:0:0:0:0:0:0:1 - - [24/Mar/2026:09:55:34 +0700] "GET /QuanLyHangHoaWebClient/index.jsp HTTP/1.1" 200 638
0:0:0:0:0:0:0:1 - - [24/Mar/2026:09:59:17 +0700] "GET /QuanLyHangHoaWebClient/index.jsp HTTP/1.1" 200 638
127.0.0.1 - - [24/Mar/2026:09:59:21 +0700] "POST /QuanLyTaiKhoan/rest/khachHang/dangNhap HTTP/1.1" 200 254
0:0:0:0:0:0:0:1 - - [24/Mar/2026:09:59:21 +0700] "POST /QuanLyHangHoaWebClient/customer HTTP/1.1" 302 -
127.0.0.1 - - [24/Mar/2026:09:59:21 +0700] "GET /QuanLyHangHoa/rest/hangHoa/danhSach HTTP/1.1" 200 392
0:0:0:0:0:0:0:1 - - [24/Mar/2026:09:59:21 +0700] "GET /QuanLyHangHoaWebClient/customer?action=khoHang HTTP/1.1" 200 5433
0:0:0:0:0:0:0:1 - - [24/Mar/2026:09:59:23 +0700] "GET /QuanLyHangHoaWebClient/userInfo.jsp HTTP/1.1" 200 2958
127.0.0.1 - - [24/Mar/2026:09:59:36 +0700] "GET / HTTP/1.1" 404 1074
0:0:0:0:0:0:0:1 - - [24/Mar/2026:09:59:53 +0700] "GET /QuanLyHangHoaWebClient/userInfo.jsp HTTP/1.1" 200 2958
0:0:0:0:0:0:0:1 - - [24/Mar/2026:09:59:57 +0700] "GET /QuanLyHangHoaWebClient/ HTTP/1.1" 200 638
127.0.0.1 - - [24/Mar/2026:10:00:06 +0700] "POST /QuanLyTaiKhoan/rest/khachHang/dangNhap HTTP/1.1" 200 172
0:0:0:0:0:0:0:1 - - [24/Mar/2026:10:00:06 +0700] "POST /QuanLyHangHoaWebClient/customer HTTP/1.1" 302 -
127.0.0.1 - - [24/Mar/2026:10:00:07 +0700] "GET /QuanLyHangHoa/rest/hangHoa/danhSach HTTP/1.1" 200 392
0:0:0:0:0:0:0:1 - - [24/Mar/2026:10:00:07 +0700] "GET /QuanLyHangHoaWebClient/customer?action=khoHang HTTP/1.1" 200 5433
0:0:0:0:0:0:0:1 - - [24/Mar/2026:10:00:10 +0700] "GET /QuanLyHangHoaWebClient/userInfo.jsp HTTP/1.1" 200 3273
127.0.0.1 - - [24/Mar/2026:10:00:12 +0700] "POST /QuanLyTaiKhoan/rest/khachHang/dangKyVip HTTP/1.1" 500 5759
0:0:0:0:0:0:0:1 - - [24/Mar/2026:10:00:12 +0700] "POST /QuanLyHangHoaWebClient/customer HTTP/1.1" 200 3324
0:0:0:0:0:0:0:1 - - [24/Mar/2026:10:01:08 +0700] "GET /QuanLyHangHoaWebClient/userInfo.jsp HTTP/1.1" 200 3273
0:0:0:0:0:0:0:1 - - [24/Mar/2026:10:01:08 +0700] "GET /QuanLyHangHoaWebClient/styles/styles.css HTTP/1.1" 304 -
127.0.0.1 - - [24/Mar/2026:10:01:11 +0700] "POST /QuanLyTaiKhoan/rest/khachHang/dangKyVip HTTP/1.1" 200 214
0:0:0:0:0:0:0:1 - - [24/Mar/2026:10:01:11 +0700] "POST /QuanLyHangHoaWebClient/customer HTTP/1.1" 200 3003
0:0:0:0:0:0:0:1 - - [24/Mar/2026:10:01:15 +0700] "GET /QuanLyHangHoaWebClient/invoice?action=payment HTTP/1.1" 200 1196
127.0.0.1 - - [24/Mar/2026:10:01:16 +0700] "GET /QuanLyHangHoa/rest/hangHoa/danhSach HTTP/1.1" 200 392
0:0:0:0:0:0:0:1 - - [24/Mar/2026:10:01:16 +0700] "GET /QuanLyHangHoaWebClient/customer?action=khoHang HTTP/1.1" 200 5433
127.0.0.1 - - [24/Mar/2026:10:01:19 +0700] "GET /QuanLyHangHoa/rest/hangHoa/chiTiet?maSo=SP01 HTTP/1.1" 200 102
0:0:0:0:0:0:0:1 - - [24/Mar/2026:10:01:19 +0700] "POST /QuanLyHangHoaWebClient/invoice HTTP/1.1" 302 -
127.0.0.1 - - [24/Mar/2026:10:01:19 +0700] "GET /QuanLyHangHoa/rest/hangHoa/danhSach HTTP/1.1" 200 392
0:0:0:0:0:0:0:1 - - [24/Mar/2026:10:01:19 +0700] "GET /QuanLyHangHoaWebClient/customer?action=khoHang HTTP/1.1" 200 5433
0:0:0:0:0:0:0:1 - - [24/Mar/2026:10:01:19 +0700] "GET /QuanLyHangHoaWebClient/invoice?action=payment HTTP/1.1" 200 3528
0:0:0:0:0:0:0:1 - - [24/Mar/2026:10:01:24 +0700] "GET /QuanLyHangHoaWebClient/customer?action=dangXuat HTTP/1.1" 302 -
0:0:0:0:0:0:0:1 - - [24/Mar/2026:10:01:24 +0700] "GET /QuanLyHangHoaWebClient/index.jsp HTTP/1.1" 200 638
127.0.0.1 - - [24/Mar/2026:10:01:28 +0700] "POST /QuanLyTaiKhoan/rest/khachHang/dangNhap HTTP/1.1" 200 174
0:0:0:0:0:0:0:1 - - [24/Mar/2026:10:01:28 +0700] "POST /QuanLyHangHoaWebClient/customer HTTP/1.1" 302 -
127.0.0.1 - - [24/Mar/2026:10:01:28 +0700] "GET /QuanLyHangHoa/rest/hangHoa/danhSach HTTP/1.1" 200 392
0:0:0:0:0:0:0:1 - - [24/Mar/2026:10:01:28 +0700] "GET /QuanLyHangHoaWebClient/customer?action=khoHang HTTP/1.1" 200 5449
127.0.0.1 - - [24/Mar/2026:10:01:32 +0700] "GET /QuanLyTaiKhoan/rest/khachHang/danhSach HTTP/1.1" 200 738
0:0:0:0:0:0:0:1 - - [24/Mar/2026:10:01:32 +0700] "GET /QuanLyHangHoaWebClient/customer?action=danhSach HTTP/1.1" 200 12363
127.0.0.1 - - [24/Mar/2026:10:01:45 +0700] "POST /QuanLyTaiKhoan/rest/khachHang/capNhat HTTP/1.1" 200 209
127.0.0.1 - - [24/Mar/2026:10:01:45 +0700] "GET /QuanLyTaiKhoan/rest/khachHang/danhSach HTTP/1.1" 200 733
0:0:0:0:0:0:0:1 - - [24/Mar/2026:10:01:45 +0700] "POST /QuanLyHangHoaWebClient/customer HTTP/1.1" 200 12452
127.0.0.1 - - [24/Mar/2026:10:01:58 +0700] "GET /QuanLyTaiKhoan/rest/khachHang/danhSach HTTP/1.1" 200 733
0:0:0:0:0:0:0:1 - - [24/Mar/2026:10:01:58 +0700] "POST /QuanLyHangHoaWebClient/customer HTTP/1.1" 200 12458
0:0:0:0:0:0:0:1 - - [24/Mar/2026:10:08:55 +0700] "GET /QuanLyHangHoaWebClient/customer?action=dangXuat HTTP/1.1" 302 -
0:0:0:0:0:0:0:1 - - [24/Mar/2026:10:08:55 +0700] "GET /QuanLyHangHoaWebClient/index.jsp HTTP/1.1" 200 638
127.0.0.1 - - [24/Mar/2026:10:08:56 +0700] "GET /QuanLyTaiKhoan/rest/khachHang/danhSach HTTP/1.1" 200 733
0:0:0:0:0:0:0:1 - - [24/Mar/2026:10:08:56 +0700] "GET /QuanLyHangHoaWebClient/customer?action=danhSach HTTP/1.1" 200 12167
127.0.0.1 - - [24/Mar/2026:10:09:00 +0700] "POST /QuanLyTaiKhoan/rest/khachHang/dangNhap HTTP/1.1" 200 209
0:0:0:0:0:0:0:1 - - [24/Mar/2026:10:09:00 +0700] "POST /QuanLyHangHoaWebClient/customer HTTP/1.1" 302 -
127.0.0.1 - - [24/Mar/2026:10:09:00 +0700] "GET /QuanLyHangHoa/rest/hangHoa/danhSach HTTP/1.1" 200 392
0:0:0:0:0:0:0:1 - - [24/Mar/2026:10:09:00 +0700] "GET /QuanLyHangHoaWebClient/customer?action=khoHang HTTP/1.1" 200 5449
0:0:0:0:0:0:0:1 - - [24/Mar/2026:10:09:00 +0700] "GET /QuanLyHangHoaWebClient/styles/styles.css HTTP/1.1" 304 -
127.0.0.1 - - [24/Mar/2026:10:09:05 +0700] "GET /QuanLyHangHoa/rest/hangHoa/chiTiet?maSo=SP01 HTTP/1.1" 200 102
0:0:0:0:0:0:0:1 - - [24/Mar/2026:10:09:05 +0700] "POST /QuanLyHangHoaWebClient/invoice HTTP/1.1" 302 -
127.0.0.1 - - [24/Mar/2026:10:09:05 +0700] "GET /QuanLyHangHoa/rest/hangHoa/danhSach HTTP/1.1" 200 392
0:0:0:0:0:0:0:1 - - [24/Mar/2026:10:09:05 +0700] "GET /QuanLyHangHoaWebClient/customer?action=khoHang HTTP/1.1" 200 5449
0:0:0:0:0:0:0:1 - - [24/Mar/2026:10:09:06 +0700] "GET /QuanLyHangHoaWebClient/userInfo.jsp HTTP/1.1" 200 3284
0:0:0:0:0:0:0:1 - - [24/Mar/2026:10:09:13 +0700] "GET /QuanLyHangHoaWebClient/customer?action=dangXuat HTTP/1.1" 302 -
0:0:0:0:0:0:0:1 - - [24/Mar/2026:10:09:13 +0700] "GET /QuanLyHangHoaWebClient/index.jsp HTTP/1.1" 200 638
127.0.0.1 - - [24/Mar/2026:10:09:26 +0700] "GET / HTTP/1.1" 404 1074
0:0:0:0:0:0:0:1 - - [24/Mar/2026:10:09:31 +0700] "GET /QuanLyHangHoaWebClient/index.jsp HTTP/1.1" 200 638
0:0:0:0:0:0:0:1 - - [24/Mar/2026:10:09:31 +0700] "GET /QuanLyHangHoaWebClient/styles/login.css HTTP/1.1" 200 3104
0:0:0:0:0:0:0:1 - - [24/Mar/2026:10:09:31 +0700] "GET /favicon.ico HTTP/1.1" 404 1085
127.0.0.1 - - [24/Mar/2026:10:09:39 +0700] "POST /QuanLyTaiKhoan/rest/khachHang/dangNhap HTTP/1.1" 200 172
0:0:0:0:0:0:0:1 - - [24/Mar/2026:10:09:39 +0700] "POST /QuanLyHangHoaWebClient/customer HTTP/1.1" 302 -
127.0.0.1 - - [24/Mar/2026:10:09:40 +0700] "GET /QuanLyHangHoa/rest/hangHoa/danhSach HTTP/1.1" 200 392
0:0:0:0:0:0:0:1 - - [24/Mar/2026:10:09:41 +0700] "GET /QuanLyHangHoaWebClient/customer?action=khoHang HTTP/1.1" 200 5433
0:0:0:0:0:0:0:1 - - [24/Mar/2026:10:09:43 +0700] "GET /QuanLyHangHoaWebClient/userInfo.jsp HTTP/1.1" 200 3273
0:0:0:0:0:0:0:1 - - [24/Mar/2026:10:09:44 +0700] "GET /QuanLyHangHoaWebClient/invoice?action=payment HTTP/1.1" 200 1196
127.0.0.1 - - [24/Mar/2026:10:09:44 +0700] "GET /QuanLyHangHoa/rest/hangHoa/danhSach HTTP/1.1" 200 392
0:0:0:0:0:0:0:1 - - [24/Mar/2026:10:09:44 +0700] "GET /QuanLyHangHoaWebClient/customer?action=khoHang HTTP/1.1" 200 5433
127.0.0.1 - - [24/Mar/2026:10:09:47 +0700] "GET /QuanLyHangHoa/rest/hangHoa/chiTiet?maSo=SP01 HTTP/1.1" 200 102
0:0:0:0:0:0:0:1 - - [24/Mar/2026:10:09:47 +0700] "POST /QuanLyHangHoaWebClient/invoice HTTP/1.1" 302 -
127.0.0.1 - - [24/Mar/2026:10:09:47 +0700] "GET /QuanLyHangHoa/rest/hangHoa/danhSach HTTP/1.1" 200 392
0:0:0:0:0:0:0:1 - - [24/Mar/2026:10:09:47 +0700] "GET /QuanLyHangHoaWebClient/customer?action=khoHang HTTP/1.1" 200 5433
0:0:0:0:0:0:0:1 - - [24/Mar/2026:10:09:50 +0700] "GET /QuanLyHangHoaWebClient/invoice?action=payment HTTP/1.1" 200 2759
0:0:0:0:0:0:0:1 - - [24/Mar/2026:10:10:19 +0700] "GET /QuanLyHangHoaWebClient/customer?action=dangXuat HTTP/1.1" 302 -
0:0:0:0:0:0:0:1 - - [24/Mar/2026:10:10:19 +0700] "GET /QuanLyHangHoaWebClient/index.jsp HTTP/1.1" 200 638
0:0:0:0:0:0:0:1 - - [24/Mar/2026:10:10:22 +0700] "POST /QuanLyHangHoaWebClient/customer HTTP/1.1" 302 -
127.0.0.1 - - [24/Mar/2026:10:10:22 +0700] "POST /QuanLyTaiKhoan/rest/khachHang/dangNhap HTTP/1.1" 200 174
127.0.0.1 - - [24/Mar/2026:10:10:22 +0700] "GET /QuanLyHangHoa/rest/hangHoa/danhSach HTTP/1.1" 200 392
0:0:0:0:0:0:0:1 - - [24/Mar/2026:10:10:22 +0700] "GET /QuanLyHangHoaWebClient/customer?action=khoHang HTTP/1.1" 200 5449
127.0.0.1 - - [24/Mar/2026:10:10:23 +0700] "GET /QuanLyTaiKhoan/rest/khachHang/danhSach HTTP/1.1" 200 696
0:0:0:0:0:0:0:1 - - [24/Mar/2026:10:10:23 +0700] "GET /QuanLyHangHoaWebClient/customer?action=danhSach HTTP/1.1" 200 12319
127.0.0.1 - - [24/Mar/2026:10:10:41 +0700] "POST /QuanLyTaiKhoan/rest/khachHang/capNhat HTTP/1.1" 200 254
127.0.0.1 - - [24/Mar/2026:10:10:41 +0700] "GET /QuanLyTaiKhoan/rest/khachHang/danhSach HTTP/1.1" 200 778
0:0:0:0:0:0:0:1 - - [24/Mar/2026:10:10:41 +0700] "POST /QuanLyHangHoaWebClient/customer HTTP/1.1" 200 12504
0:0:0:0:0:0:0:1 - - [24/Mar/2026:10:10:44 +0700] "GET /QuanLyHangHoaWebClient/customer?action=dangXuat HTTP/1.1" 302 -
0:0:0:0:0:0:0:1 - - [24/Mar/2026:10:10:44 +0700] "GET /QuanLyHangHoaWebClient/index.jsp HTTP/1.1" 200 638
127.0.0.1 - - [24/Mar/2026:10:10:48 +0700] "POST /QuanLyTaiKhoan/rest/khachHang/dangNhap HTTP/1.1" 200 254
0:0:0:0:0:0:0:1 - - [24/Mar/2026:10:10:48 +0700] "POST /QuanLyHangHoaWebClient/customer HTTP/1.1" 302 -
127.0.0.1 - - [24/Mar/2026:10:10:48 +0700] "GET /QuanLyHangHoa/rest/hangHoa/danhSach HTTP/1.1" 200 392
0:0:0:0:0:0:0:1 - - [24/Mar/2026:10:10:48 +0700] "GET /QuanLyHangHoaWebClient/customer?action=khoHang HTTP/1.1" 200 5433
0:0:0:0:0:0:0:1 - - [24/Mar/2026:10:10:49 +0700] "GET /QuanLyHangHoaWebClient/invoice?action=payment HTTP/1.1" 200 3530
127.0.0.1 - - [24/Mar/2026:10:10:53 +0700] "POST /QuanLyHoaDon/rest/hoaDon/tao HTTP/1.1" 200 29
0:0:0:0:0:0:0:1 - - [24/Mar/2026:10:10:53 +0700] "POST /QuanLyHangHoaWebClient/invoice HTTP/1.1" 200 1329
127.0.0.1 - - [24/Mar/2026:10:11:48 +0700] "GET /QuanLyHangHoa/rest/hangHoa/danhSach HTTP/1.1" 200 392
0:0:0:0:0:0:0:1 - - [24/Mar/2026:10:11:48 +0700] "GET /QuanLyHangHoaWebClient/customer?action=khoHang HTTP/1.1" 200 5433
0:0:0:0:0:0:0:1 - - [24/Mar/2026:10:11:49 +0700] "GET /QuanLyHangHoaWebClient/customer?action=dangXuat HTTP/1.1" 302 -
0:0:0:0:0:0:0:1 - - [24/Mar/2026:10:11:49 +0700] "GET /QuanLyHangHoaWebClient/index.jsp HTTP/1.1" 200 638
127.0.0.1 - - [24/Mar/2026:10:11:53 +0700] "POST /QuanLyTaiKhoan/rest/khachHang/dangNhap HTTP/1.1" 200 174
0:0:0:0:0:0:0:1 - - [24/Mar/2026:10:11:53 +0700] "POST /QuanLyHangHoaWebClient/customer HTTP/1.1" 302 -
127.0.0.1 - - [24/Mar/2026:10:11:53 +0700] "GET /QuanLyHangHoa/rest/hangHoa/danhSach HTTP/1.1" 200 392
0:0:0:0:0:0:0:1 - - [24/Mar/2026:10:11:53 +0700] "GET /QuanLyHangHoaWebClient/customer?action=khoHang HTTP/1.1" 200 5449
127.0.0.1 - - [24/Mar/2026:10:16:40 +0700] "GET /QuanLyTaiKhoan/rest/khachHang/danhSach HTTP/1.1" 200 778
0:0:0:0:0:0:0:1 - - [24/Mar/2026:10:16:41 +0700] "GET /QuanLyHangHoaWebClient/customer?action=danhSach HTTP/1.1" 200 12373
0:0:0:0:0:0:0:1 - - [24/Mar/2026:10:16:41 +0700] "GET /QuanLyHangHoaWebClient/styles/styles.css HTTP/1.1" 304 -
127.0.0.1 - - [24/Mar/2026:10:16:50 +0700] "GET /QuanLyTaiKhoan/rest/khachHang/danhSach HTTP/1.1" 200 778
0:0:0:0:0:0:0:1 - - [24/Mar/2026:10:16:50 +0700] "POST /QuanLyHangHoaWebClient/customer HTTP/1.1" 200 12510
127.0.0.1 - - [24/Mar/2026:10:17:01 +0700] "GET /QuanLyTaiKhoan/rest/khachHang/danhSach HTTP/1.1" 200 778
0:0:0:0:0:0:0:1 - - [24/Mar/2026:10:17:01 +0700] "POST /QuanLyHangHoaWebClient/customer HTTP/1.1" 200 12510
127.0.0.1 - - [24/Mar/2026:10:19:58 +0700] "GET / HTTP/1.1" 404 1074
0:0:0:0:0:0:0:1 - - [24/Mar/2026:10:20:11 +0700] "GET /QuanLyHangHoaWebClient/ HTTP/1.1" 200 638
127.0.0.1 - - [24/Mar/2026:10:20:20 +0700] "POST /QuanLyTaiKhoan/rest/khachHang/dangNhap HTTP/1.1" 200 174
0:0:0:0:0:0:0:1 - - [24/Mar/2026:10:20:20 +0700] "POST /QuanLyHangHoaWebClient/customer HTTP/1.1" 302 -
127.0.0.1 - - [24/Mar/2026:10:20:22 +0700] "GET /QuanLyHangHoa/rest/hangHoa/danhSach HTTP/1.1" 200 392
0:0:0:0:0:0:0:1 - - [24/Mar/2026:10:20:22 +0700] "GET /QuanLyHangHoaWebClient/customer?action=khoHang HTTP/1.1" 200 5449
127.0.0.1 - - [24/Mar/2026:10:20:24 +0700] "GET /QuanLyTaiKhoan/rest/khachHang/danhSach HTTP/1.1" 200 696
0:0:0:0:0:0:0:1 - - [24/Mar/2026:10:20:25 +0700] "GET /QuanLyHangHoaWebClient/customer?action=danhSach HTTP/1.1" 200 12094
127.0.0.1 - - [24/Mar/2026:10:20:34 +0700] "POST /QuanLyTaiKhoan/rest/khachHang/capNhat HTTP/1.1" 200 172
127.0.0.1 - - [24/Mar/2026:10:20:34 +0700] "GET /QuanLyTaiKhoan/rest/khachHang/danhSach HTTP/1.1" 200 695
0:0:0:0:0:0:0:1 - - [24/Mar/2026:10:20:34 +0700] "POST /QuanLyHangHoaWebClient/customer HTTP/1.1" 200 12217
127.0.0.1 - - [24/Mar/2026:10:20:39 +0700] "POST /QuanLyTaiKhoan/rest/khachHang/capNhat HTTP/1.1" 200 173
127.0.0.1 - - [24/Mar/2026:10:20:39 +0700] "GET /QuanLyTaiKhoan/rest/khachHang/danhSach HTTP/1.1" 200 696
0:0:0:0:0:0:0:1 - - [24/Mar/2026:10:20:39 +0700] "POST /QuanLyHangHoaWebClient/customer HTTP/1.1" 200 12225
127.0.0.1 - - [24/Mar/2026:10:20:52 +0700] "POST /QuanLyTaiKhoan/rest/khachHang/capNhat HTTP/1.1" 200 254
127.0.0.1 - - [24/Mar/2026:10:20:52 +0700] "GET /QuanLyTaiKhoan/rest/khachHang/danhSach HTTP/1.1" 200 778
0:0:0:0:0:0:0:1 - - [24/Mar/2026:10:20:52 +0700] "POST /QuanLyHangHoaWebClient/customer HTTP/1.1" 200 12279
127.0.0.1 - - [24/Mar/2026:10:21:01 +0700] "POST /QuanLyTaiKhoan/rest/khachHang/capNhat HTTP/1.1" 200 254
127.0.0.1 - - [24/Mar/2026:10:21:01 +0700] "GET /QuanLyTaiKhoan/rest/khachHang/danhSach HTTP/1.1" 200 778
0:0:0:0:0:0:0:1 - - [24/Mar/2026:10:21:01 +0700] "POST /QuanLyHangHoaWebClient/customer HTTP/1.1" 200 12245
127.0.0.1 - - [24/Mar/2026:10:21:04 +0700] "GET /QuanLyHangHoa/rest/hangHoa/danhSach HTTP/1.1" 200 392
0:0:0:0:0:0:0:1 - - [24/Mar/2026:10:21:04 +0700] "GET /QuanLyHangHoaWebClient/hanghoa?action=inventory HTTP/1.1" 200 9734
127.0.0.1 - - [24/Mar/2026:10:21:07 +0700] "GET /QuanLyTaiKhoan/rest/khachHang/danhSach HTTP/1.1" 200 778
0:0:0:0:0:0:0:1 - - [24/Mar/2026:10:21:07 +0700] "GET /QuanLyHangHoaWebClient/customer?action=danhSach HTTP/1.1" 200 12114
127.0.0.1 - - [24/Mar/2026:10:21:19 +0700] "GET /QuanLyHangHoa/rest/hangHoa/danhSach HTTP/1.1" 200 392
0:0:0:0:0:0:0:1 - - [24/Mar/2026:10:21:19 +0700] "GET /QuanLyHangHoaWebClient/hanghoa?action=inventory HTTP/1.1" 200 9734
127.0.0.1 - - [24/Mar/2026:10:21:24 +0700] "GET /QuanLyTaiKhoan/rest/khachHang/danhSach HTTP/1.1" 200 778
0:0:0:0:0:0:0:1 - - [24/Mar/2026:10:21:24 +0700] "GET /QuanLyHangHoaWebClient/customer?action=danhSach HTTP/1.1" 200 12114
127.0.0.1 - - [24/Mar/2026:10:21:26 +0700] "GET /QuanLyHoaDon/rest/hoaDon/lichSu/2222 HTTP/1.1" 200 2
0:0:0:0:0:0:0:1 - - [24/Mar/2026:10:21:26 +0700] "GET /QuanLyHangHoaWebClient/invoice?action=adminHistory&cccd=2222 HTTP/1.1" 200 1218
127.0.0.1 - - [24/Mar/2026:10:21:28 +0700] "GET /QuanLyHangHoa/rest/hangHoa/danhSach HTTP/1.1" 200 392
0:0:0:0:0:0:0:1 - - [24/Mar/2026:10:21:28 +0700] "GET /QuanLyHangHoaWebClient/customer?action=khoHang HTTP/1.1" 200 5449
0:0:0:0:0:0:0:1 - - [24/Mar/2026:10:21:32 +0700] "GET /QuanLyHangHoaWebClient/userInfo.jsp HTTP/1.1" 200 3290
0:0:0:0:0:0:0:1 - - [24/Mar/2026:10:23:46 +0700] "GET /QuanLyHangHoaWebClient/userInfo.jsp HTTP/1.1" 500 4176
127.0.0.1 - - [24/Mar/2026:10:24:41 +0700] "GET /QuanLyHangHoa/rest/hangHoa/danhSach HTTP/1.1" 200 392
0:0:0:0:0:0:0:1 - - [24/Mar/2026:10:24:42 +0700] "GET /QuanLyHangHoaWebClient/customer?action=khoHang HTTP/1.1" 200 5449
0:0:0:0:0:0:0:1 - - [24/Mar/2026:10:24:42 +0700] "GET /QuanLyHangHoaWebClient/styles/styles.css HTTP/1.1" 200 10878
0:0:0:0:0:0:0:1 - - [24/Mar/2026:10:24:42 +0700] "GET /favicon.ico HTTP/1.1" 404 1085
0:0:0:0:0:0:0:1 - - [24/Mar/2026:10:24:43 +0700] "GET /QuanLyHangHoaWebClient/userInfo.jsp HTTP/1.1" 500 4205
0:0:0:0:0:0:0:1 - - [24/Mar/2026:10:25:19 +0700] "GET /QuanLyHangHoaWebClient/userInfo.jsp HTTP/1.1" 500 4176
127.0.0.1 - - [24/Mar/2026:10:25:22 +0700] "GET /QuanLyHangHoa/rest/hangHoa/danhSach HTTP/1.1" 200 392
0:0:0:0:0:0:0:1 - - [24/Mar/2026:10:25:22 +0700] "GET /QuanLyHangHoaWebClient/customer?action=khoHang HTTP/1.1" 200 5449
0:0:0:0:0:0:0:1 - - [24/Mar/2026:10:25:22 +0700] "GET /QuanLyHangHoaWebClient/styles/styles.css HTTP/1.1" 200 10878
0:0:0:0:0:0:0:1 - - [24/Mar/2026:10:25:22 +0700] "GET /favicon.ico HTTP/1.1" 404 1085
0:0:0:0:0:0:0:1 - - [24/Mar/2026:10:25:24 +0700] "GET /QuanLyHangHoaWebClient/userInfo.jsp HTTP/1.1" 500 4176
127.0.0.1 - - [24/Mar/2026:10:26:48 +0700] "GET /QuanLyHangHoa/rest/hangHoa/danhSach HTTP/1.1" 200 392
0:0:0:0:0:0:0:1 - - [24/Mar/2026:10:26:48 +0700] "GET /QuanLyHangHoaWebClient/customer?action=khoHang HTTP/1.1" 200 5449
127.0.0.1 - - [24/Mar/2026:10:26:49 +0700] "GET /QuanLyHangHoa/rest/hangHoa/danhSach HTTP/1.1" 200 392
0:0:0:0:0:0:0:1 - - [24/Mar/2026:10:26:49 +0700] "GET /QuanLyHangHoaWebClient/customer?action=khoHang HTTP/1.1" 200 5449
0:0:0:0:0:0:0:1 - - [24/Mar/2026:10:26:49 +0700] "GET /QuanLyHangHoaWebClient/customer?action=khoHang HTTP/1.1" 200 5449
127.0.0.1 - - [24/Mar/2026:10:26:49 +0700] "GET /QuanLyHangHoa/rest/hangHoa/danhSach HTTP/1.1" 200 392
127.0.0.1 - - [24/Mar/2026:10:26:49 +0700] "GET /QuanLyHangHoa/rest/hangHoa/danhSach HTTP/1.1" 200 392
0:0:0:0:0:0:0:1 - - [24/Mar/2026:10:26:49 +0700] "GET /QuanLyHangHoaWebClient/customer?action=khoHang HTTP/1.1" 200 5449
127.0.0.1 - - [24/Mar/2026:10:26:49 +0700] "GET /QuanLyHangHoa/rest/hangHoa/danhSach HTTP/1.1" 200 392
0:0:0:0:0:0:0:1 - - [24/Mar/2026:10:26:49 +0700] "GET /QuanLyHangHoaWebClient/customer?action=khoHang HTTP/1.1" 200 5449
0:0:0:0:0:0:0:1 - - [24/Mar/2026:10:27:07 +0700] "GET /QuanLyHangHoaWebClient/userInfo.jsp HTTP/1.1" 200 2284
127.0.0.1 - - [24/Mar/2026:10:27:51 +0700] "GET /QuanLyTaiKhoan/rest/khachHang/danhSach HTTP/1.1" 200 778
0:0:0:0:0:0:0:1 - - [24/Mar/2026:10:27:51 +0700] "GET /QuanLyHangHoaWebClient/customer?action=danhSach HTTP/1.1" 200 12114
