0:0:0:0:0:0:0:1 - - [24/Mar/2026:03:53:19 +0700] "GET /QuanLyHangHoaWebClient/customer?action=khoHang HTTP/1.1" 200 4311
0:0:0:0:0:0:0:1 - - [24/Mar/2026:03:53:19 +0700] "GET /QuanLyHangHoaWebClient/styles/styles.css HTTP/1.1" 200 7180
0:0:0:0:0:0:0:1 - - [24/Mar/2026:03:53:19 +0700] "GET /favicon.ico HTTP/1.1" 404 1085
127.0.0.1 - - [24/Mar/2026:03:53:19 +0700] "GET /QuanLyHangHoa/rest/hangHoa/danhSach HTTP/1.1" 200 392
0:0:0:0:0:0:0:1 - - [24/Mar/2026:03:53:19 +0700] "GET /QuanLyHangHoaWebClient/customer?action=khoHang HTTP/1.1" 200 4311
0:0:0:0:0:0:0:1 - - [24/Mar/2026:03:53:19 +0700] "GET /QuanLyHangHoaWebClient/styles/styles.css HTTP/1.1" 200 7180
127.0.0.1 - - [24/Mar/2026:03:56:44 +0700] "GET /QuanLyHangHoa/rest/hangHoa/danhSach HTTP/1.1" 200 392
0:0:0:0:0:0:0:1 - - [24/Mar/2026:03:56:44 +0700] "GET /QuanLyHangHoaWebClient/customer?action=khoHang HTTP/1.1" 200 4311
0:0:0:0:0:0:0:1 - - [24/Mar/2026:03:56:44 +0700] "GET /QuanLyHangHoaWebClient/styles/styles.css HTTP/1.1" 200 7276
0:0:0:0:0:0:0:1 - - [24/Mar/2026:03:56:44 +0700] "GET /favicon.ico HTTP/1.1" 404 1085
127.0.0.1 - - [24/Mar/2026:03:57:02 +0700] "GET /QuanLyHangHoa/rest/hangHoa/danhSach HTTP/1.1" 200 392
0:0:0:0:0:0:0:1 - - [24/Mar/2026:03:57:02 +0700] "GET /QuanLyHangHoaWebClient/customer?action=khoHang HTTP/1.1" 200 4311
0:0:0:0:0:0:0:1 - - [24/Mar/2026:03:57:02 +0700] "GET /QuanLyHangHoaWebClient/styles/styles.css HTTP/1.1" 200 7276
0:0:0:0:0:0:0:1 - - [24/Mar/2026:03:57:02 +0700] "GET /favicon.ico HTTP/1.1" 404 1085
127.0.0.1 - - [24/Mar/2026:03:57:13 +0700] "GET /QuanLyHangHoa/rest/hangHoa/danhSach HTTP/1.1" 200 392
0:0:0:0:0:0:0:1 - - [24/Mar/2026:03:57:13 +0700] "GET /QuanLyHangHoaWebClient/customer?action=khoHang HTTP/1.1" 200 4311
0:0:0:0:0:0:0:1 - - [24/Mar/2026:03:57:13 +0700] "GET /QuanLyHangHoaWebClient/styles/styles.css HTTP/1.1" 200 7276
127.0.0.1 - - [24/Mar/2026:03:57:14 +0700] "GET /QuanLyHangHoa/rest/hangHoa/danhSach HTTP/1.1" 200 392
0:0:0:0:0:0:0:1 - - [24/Mar/2026:03:57:14 +0700] "GET /QuanLyHangHoaWebClient/customer?action=khoHang HTTP/1.1" 200 4311
0:0:0:0:0:0:0:1 - - [24/Mar/2026:03:57:14 +0700] "GET /QuanLyHangHoaWebClient/styles/styles.css HTTP/1.1" 200 7276
0:0:0:0:0:0:0:1 - - [24/Mar/2026:03:57:14 +0700] "GET /favicon.ico HTTP/1.1" 404 1085
127.0.0.1 - - [24/Mar/2026:03:57:36 +0700] "GET /QuanLyHangHoa/rest/hangHoa/danhSach HTTP/1.1" 200 392
0:0:0:0:0:0:0:1 - - [24/Mar/2026:03:57:36 +0700] "GET /QuanLyHangHoaWebClient/customer?action=khoHang HTTP/1.1" 200 4311
0:0:0:0:0:0:0:1 - - [24/Mar/2026:03:57:36 +0700] "GET /QuanLyHangHoaWebClient/styles/styles.css HTTP/1.1" 200 7277
0:0:0:0:0:0:0:1 - - [24/Mar/2026:03:57:36 +0700] "GET /favicon.ico HTTP/1.1" 404 1085
127.0.0.1 - - [24/Mar/2026:03:57:40 +0700] "GET /QuanLyHangHoa/rest/hangHoa/danhSach HTTP/1.1" 200 392
0:0:0:0:0:0:0:1 - - [24/Mar/2026:03:57:40 +0700] "GET /QuanLyHangHoaWebClient/customer?action=khoHang HTTP/1.1" 200 4311
0:0:0:0:0:0:0:1 - - [24/Mar/2026:03:57:40 +0700] "GET /QuanLyHangHoaWebClient/styles/styles.css HTTP/1.1" 200 7277
0:0:0:0:0:0:0:1 - - [24/Mar/2026:03:57:40 +0700] "GET /favicon.ico HTTP/1.1" 404 1085
127.0.0.1 - - [24/Mar/2026:03:57:43 +0700] "GET /QuanLyHangHoa/rest/hangHoa/danhSach HTTP/1.1" 200 392
0:0:0:0:0:0:0:1 - - [24/Mar/2026:03:57:43 +0700] "GET /QuanLyHangHoaWebClient/customer?action=khoHang HTTP/1.1" 200 4311
0:0:0:0:0:0:0:1 - - [24/Mar/2026:03:57:44 +0700] "GET /QuanLyHangHoaWebClient/styles/styles.css HTTP/1.1" 200 7276
0:0:0:0:0:0:0:1 - - [24/Mar/2026:03:57:44 +0700] "GET /favicon.ico HTTP/1.1" 404 1085
127.0.0.1 - - [24/Mar/2026:04:56:58 +0700] "GET / HTTP/1.1" 404 1074
127.0.0.1 - - [24/Mar/2026:04:57:37 +0700] "GET / HTTP/1.1" 404 1074
0:0:0:0:0:0:0:1 - - [24/Mar/2026:05:11:13 +0700] "GET /QuanLyHangHoaWebClient/gioHang.jsp HTTP/1.1" 404 1112
127.0.0.1 - - [24/Mar/2026:05:11:20 +0700] "GET /QuanLyHangHoa/rest/hangHoa/danhSach HTTP/1.1" 200 392
0:0:0:0:0:0:0:1 - - [24/Mar/2026:05:11:21 +0700] "GET /QuanLyHangHoaWebClient/customer?action=khoHang HTTP/1.1" 200 4254
0:0:0:0:0:0:0:1 - - [24/Mar/2026:05:11:21 +0700] "GET /QuanLyHangHoaWebClient/styles/styles.css HTTP/1.1" 200 9520
0:0:0:0:0:0:0:1 - - [24/Mar/2026:05:11:22 +0700] "GET /QuanLyHangHoaWebClient/customer?action=dangXuat HTTP/1.1" 302 -
0:0:0:0:0:0:0:1 - - [24/Mar/2026:05:11:22 +0700] "GET /QuanLyHangHoaWebClient/index.jsp HTTP/1.1" 200 638
0:0:0:0:0:0:0:1 - - [24/Mar/2026:05:11:22 +0700] "GET /QuanLyHangHoaWebClient/styles/login.css HTTP/1.1" 304 -
127.0.0.1 - - [24/Mar/2026:05:11:27 +0700] "POST /QuanLyTaiKhoan/rest/khachHang/dangNhap HTTP/1.1" 200 147
0:0:0:0:0:0:0:1 - - [24/Mar/2026:05:11:27 +0700] "POST /QuanLyHangHoaWebClient/customer HTTP/1.1" 302 -
127.0.0.1 - - [24/Mar/2026:05:11:27 +0700] "GET /QuanLyHangHoa/rest/hangHoa/danhSach HTTP/1.1" 200 392
0:0:0:0:0:0:0:1 - - [24/Mar/2026:05:11:27 +0700] "GET /QuanLyHangHoaWebClient/customer?action=khoHang HTTP/1.1" 200 4311
0:0:0:0:0:0:0:1 - - [24/Mar/2026:05:11:27 +0700] "GET /QuanLyHangHoaWebClient/styles/styles.css HTTP/1.1" 304 -
127.0.0.1 - - [24/Mar/2026:05:11:31 +0700] "GET /QuanLyHangHoa/rest/hangHoa/chiTiet/SP01 HTTP/1.1" 404 1078
0:0:0:0:0:0:0:1 - - [24/Mar/2026:05:11:31 +0700] "POST /QuanLyHangHoaWebClient/invoice HTTP/1.1" 302 -
127.0.0.1 - - [24/Mar/2026:05:11:31 +0700] "GET /QuanLyHangHoa/rest/hangHoa/danhSach HTTP/1.1" 200 392
0:0:0:0:0:0:0:1 - - [24/Mar/2026:05:11:31 +0700] "GET /QuanLyHangHoaWebClient/customer?action=khoHang HTTP/1.1" 200 4311
0:0:0:0:0:0:0:1 - - [24/Mar/2026:05:11:31 +0700] "GET /QuanLyHangHoaWebClient/styles/styles.css HTTP/1.1" 304 -
127.0.0.1 - - [24/Mar/2026:05:11:34 +0700] "GET /QuanLyHangHoa/rest/hangHoa/chiTiet/SP02 HTTP/1.1" 404 1078
0:0:0:0:0:0:0:1 - - [24/Mar/2026:05:11:34 +0700] "POST /QuanLyHangHoaWebClient/invoice HTTP/1.1" 302 -
127.0.0.1 - - [24/Mar/2026:05:11:34 +0700] "GET /QuanLyHangHoa/rest/hangHoa/danhSach HTTP/1.1" 200 392
0:0:0:0:0:0:0:1 - - [24/Mar/2026:05:11:34 +0700] "GET /QuanLyHangHoaWebClient/customer?action=khoHang HTTP/1.1" 200 4311
0:0:0:0:0:0:0:1 - - [24/Mar/2026:05:11:40 +0700] "GET /QuanLyHangHoaWebClient/customer?action=dangXuat HTTP/1.1" 302 -
0:0:0:0:0:0:0:1 - - [24/Mar/2026:05:11:40 +0700] "GET /QuanLyHangHoaWebClient/index.jsp HTTP/1.1" 200 638
127.0.0.1 - - [24/Mar/2026:05:11:44 +0700] "POST /QuanLyTaiKhoan/rest/khachHang/dangNhap HTTP/1.1" 200 145
0:0:0:0:0:0:0:1 - - [24/Mar/2026:05:11:44 +0700] "POST /QuanLyHangHoaWebClient/customer HTTP/1.1" 302 -
127.0.0.1 - - [24/Mar/2026:05:11:44 +0700] "GET /QuanLyHangHoa/rest/hangHoa/danhSach HTTP/1.1" 200 392
0:0:0:0:0:0:0:1 - - [24/Mar/2026:05:11:44 +0700] "GET /QuanLyHangHoaWebClient/customer?action=khoHang HTTP/1.1" 200 4311
0:0:0:0:0:0:0:1 - - [24/Mar/2026:05:11:44 +0700] "GET /QuanLyHangHoaWebClient/styles/styles.css HTTP/1.1" 304 -
0:0:0:0:0:0:0:1 - - [24/Mar/2026:05:11:47 +0700] "GET /QuanLyHangHoaWebClient/userInfo.jsp HTTP/1.1" 200 2171
127.0.0.1 - - [24/Mar/2026:05:11:50 +0700] "GET /QuanLyHangHoa/rest/hangHoa/danhSach HTTP/1.1" 200 392
0:0:0:0:0:0:0:1 - - [24/Mar/2026:05:11:50 +0700] "GET /QuanLyHangHoaWebClient/customer?action=khoHang HTTP/1.1" 200 4311
0:0:0:0:0:0:0:1 - - [24/Mar/2026:05:11:50 +0700] "GET /QuanLyHangHoaWebClient/styles/styles.css HTTP/1.1" 304 -
0:0:0:0:0:0:0:1 - - [24/Mar/2026:05:11:53 +0700] "POST /QuanLyHangHoaWebClient/invoice HTTP/1.1" 302 -
127.0.0.1 - - [24/Mar/2026:05:11:53 +0700] "GET /QuanLyHangHoa/rest/hangHoa/chiTiet/SP01 HTTP/1.1" 404 1078
127.0.0.1 - - [24/Mar/2026:05:11:53 +0700] "GET /QuanLyHangHoa/rest/hangHoa/danhSach HTTP/1.1" 200 392
0:0:0:0:0:0:0:1 - - [24/Mar/2026:05:11:53 +0700] "GET /QuanLyHangHoaWebClient/customer?action=khoHang HTTP/1.1" 200 4311
0:0:0:0:0:0:0:1 - - [24/Mar/2026:05:11:55 +0700] "GET /QuanLyHangHoaWebClient/invoice?action=payment HTTP/1.1" 200 1127
127.0.0.1 - - [24/Mar/2026:05:12:01 +0700] "GET /QuanLyHangHoa/rest/hangHoa/danhSach HTTP/1.1" 200 392
0:0:0:0:0:0:0:1 - - [24/Mar/2026:05:12:01 +0700] "GET /QuanLyHangHoaWebClient/customer?action=khoHang HTTP/1.1" 200 4311
0:0:0:0:0:0:0:1 - - [24/Mar/2026:05:12:01 +0700] "GET /QuanLyHangHoaWebClient/styles/styles.css HTTP/1.1" 304 -
127.0.0.1 - - [24/Mar/2026:05:13:11 +0700] "GET / HTTP/1.1" 404 1074
127.0.0.1 - - [24/Mar/2026:05:13:18 +0700] "GET /QuanLyHangHoa/rest/hangHoa/danhSach HTTP/1.1" 200 392
0:0:0:0:0:0:0:1 - - [24/Mar/2026:05:13:18 +0700] "GET /QuanLyHangHoaWebClient/customer?action=khoHang HTTP/1.1" 200 4311
0:0:0:0:0:0:0:1 - - [24/Mar/2026:05:13:18 +0700] "GET /QuanLyHangHoaWebClient/styles/styles.css HTTP/1.1" 200 9520
0:0:0:0:0:0:0:1 - - [24/Mar/2026:05:13:18 +0700] "GET /favicon.ico HTTP/1.1" 404 1085
0:0:0:0:0:0:0:1 - - [24/Mar/2026:05:13:19 +0700] "GET /QuanLyHangHoaWebClient/customer?action=dangXuat HTTP/1.1" 302 -
0:0:0:0:0:0:0:1 - - [24/Mar/2026:05:13:20 +0700] "GET /QuanLyHangHoaWebClient/index.jsp HTTP/1.1" 200 638
127.0.0.1 - - [24/Mar/2026:05:13:25 +0700] "POST /QuanLyTaiKhoan/rest/khachHang/dangNhap HTTP/1.1" 200 145
0:0:0:0:0:0:0:1 - - [24/Mar/2026:05:13:25 +0700] "POST /QuanLyHangHoaWebClient/customer HTTP/1.1" 302 -
127.0.0.1 - - [24/Mar/2026:05:13:25 +0700] "GET /QuanLyHangHoa/rest/hangHoa/danhSach HTTP/1.1" 200 392
0:0:0:0:0:0:0:1 - - [24/Mar/2026:05:13:25 +0700] "GET /QuanLyHangHoaWebClient/customer?action=khoHang HTTP/1.1" 200 4311
127.0.0.1 - - [24/Mar/2026:05:13:31 +0700] "GET /QuanLyHangHoa/rest/hangHoa/chiTiet/SP01 HTTP/1.1" 404 1078
0:0:0:0:0:0:0:1 - - [24/Mar/2026:05:13:31 +0700] "POST /QuanLyHangHoaWebClient/invoice HTTP/1.1" 302 -
127.0.0.1 - - [24/Mar/2026:05:13:31 +0700] "GET /QuanLyHangHoa/rest/hangHoa/danhSach HTTP/1.1" 200 392
0:0:0:0:0:0:0:1 - - [24/Mar/2026:05:13:31 +0700] "GET /QuanLyHangHoaWebClient/customer?action=khoHang HTTP/1.1" 200 4311
127.0.0.1 - - [24/Mar/2026:05:13:32 +0700] "GET /QuanLyHangHoa/rest/hangHoa/chiTiet/SP02 HTTP/1.1" 404 1078
0:0:0:0:0:0:0:1 - - [24/Mar/2026:05:13:32 +0700] "POST /QuanLyHangHoaWebClient/invoice HTTP/1.1" 302 -
127.0.0.1 - - [24/Mar/2026:05:13:33 +0700] "GET /QuanLyHangHoa/rest/hangHoa/danhSach HTTP/1.1" 200 392
0:0:0:0:0:0:0:1 - - [24/Mar/2026:05:13:33 +0700] "GET /QuanLyHangHoaWebClient/customer?action=khoHang HTTP/1.1" 200 4311
0:0:0:0:0:0:0:1 - - [24/Mar/2026:05:13:38 +0700] "GET /QuanLyHangHoaWebClient/invoice?action=payment HTTP/1.1" 200 1127
0:0:0:0:0:0:0:1 - - [24/Mar/2026:05:13:38 +0700] "GET /QuanLyHangHoaWebClient/styles/styles.css HTTP/1.1" 304 -
127.0.0.1 - - [24/Mar/2026:05:14:09 +0700] "GET /QuanLyHangHoa/rest/hangHoa/chiTiet/SP01 HTTP/1.1" 404 1078
0:0:0:0:0:0:0:1 - - [24/Mar/2026:05:14:09 +0700] "POST /QuanLyHangHoaWebClient/invoice HTTP/1.1" 302 -
127.0.0.1 - - [24/Mar/2026:05:14:09 +0700] "GET /QuanLyHangHoa/rest/hangHoa/danhSach HTTP/1.1" 200 392
0:0:0:0:0:0:0:1 - - [24/Mar/2026:05:14:09 +0700] "GET /QuanLyHangHoaWebClient/customer?action=khoHang HTTP/1.1" 200 4311
0:0:0:0:0:0:0:1 - - [24/Mar/2026:05:14:09 +0700] "GET /QuanLyHangHoaWebClient/styles/styles.css HTTP/1.1" 304 -
127.0.0.1 - - [24/Mar/2026:05:14:15 +0700] "GET /QuanLyHangHoa/rest/hangHoa/chiTiet/SP02 HTTP/1.1" 404 1078
0:0:0:0:0:0:0:1 - - [24/Mar/2026:05:14:15 +0700] "POST /QuanLyHangHoaWebClient/invoice HTTP/1.1" 302 -
127.0.0.1 - - [24/Mar/2026:05:14:15 +0700] "GET /QuanLyHangHoa/rest/hangHoa/danhSach HTTP/1.1" 200 392
0:0:0:0:0:0:0:1 - - [24/Mar/2026:05:14:15 +0700] "GET /QuanLyHangHoaWebClient/customer?action=khoHang HTTP/1.1" 200 4311
0:0:0:0:0:0:0:1 - - [24/Mar/2026:05:14:17 +0700] "GET /QuanLyHangHoaWebClient/invoice?action=payment HTTP/1.1" 200 1127
127.0.0.1 - - [24/Mar/2026:05:16:08 +0700] "GET /QuanLyHangHoa/rest/hangHoa/danhSach HTTP/1.1" 200 392
0:0:0:0:0:0:0:1 - - [24/Mar/2026:05:16:08 +0700] "GET /QuanLyHangHoaWebClient/customer?action=khoHang HTTP/1.1" 200 4311
0:0:0:0:0:0:0:1 - - [24/Mar/2026:05:16:08 +0700] "GET /QuanLyHangHoaWebClient/styles/styles.css HTTP/1.1" 304 -
127.0.0.1 - - [24/Mar/2026:05:16:12 +0700] "GET /QuanLyHangHoa/rest/hangHoa/chiTiet/SP02 HTTP/1.1" 404 1078
0:0:0:0:0:0:0:1 - - [24/Mar/2026:05:16:12 +0700] "POST /QuanLyHangHoaWebClient/invoice HTTP/1.1" 302 -
127.0.0.1 - - [24/Mar/2026:05:16:12 +0700] "GET /QuanLyHangHoa/rest/hangHoa/danhSach HTTP/1.1" 200 392
0:0:0:0:0:0:0:1 - - [24/Mar/2026:05:16:12 +0700] "GET /QuanLyHangHoaWebClient/customer?action=khoHang HTTP/1.1" 200 4311
0:0:0:0:0:0:0:1 - - [24/Mar/2026:05:16:14 +0700] "GET /QuanLyHangHoaWebClient/userInfo.jsp HTTP/1.1" 200 2171
0:0:0:0:0:0:0:1 - - [24/Mar/2026:05:16:18 +0700] "GET /QuanLyHangHoaWebClient/invoice?action=payment HTTP/1.1" 200 1127
127.0.0.1 - - [24/Mar/2026:05:16:19 +0700] "GET /QuanLyHangHoa/rest/hangHoa/danhSach HTTP/1.1" 200 392
0:0:0:0:0:0:0:1 - - [24/Mar/2026:05:16:19 +0700] "GET /QuanLyHangHoaWebClient/customer?action=khoHang HTTP/1.1" 200 4311
127.0.0.1 - - [24/Mar/2026:05:18:27 +0700] "GET / HTTP/1.1" 404 1074
0:0:0:0:0:0:0:1 - - [24/Mar/2026:05:18:35 +0700] "GET /QuanLyHangHoaWebClient/customer?action=dangXuat HTTP/1.1" 302 -
0:0:0:0:0:0:0:1 - - [24/Mar/2026:05:18:35 +0700] "GET /QuanLyHangHoaWebClient/index.jsp HTTP/1.1" 200 638
127.0.0.1 - - [24/Mar/2026:05:18:41 +0700] "POST /QuanLyTaiKhoan/rest/khachHang/dangNhap HTTP/1.1" 200 145
0:0:0:0:0:0:0:1 - - [24/Mar/2026:05:18:41 +0700] "POST /QuanLyHangHoaWebClient/customer HTTP/1.1" 302 -
127.0.0.1 - - [24/Mar/2026:05:18:42 +0700] "GET /QuanLyHangHoa/rest/hangHoa/danhSach HTTP/1.1" 200 392
0:0:0:0:0:0:0:1 - - [24/Mar/2026:05:18:43 +0700] "GET /QuanLyHangHoaWebClient/customer?action=khoHang HTTP/1.1" 200 4193
0:0:0:0:0:0:0:1 - - [24/Mar/2026:05:18:43 +0700] "GET /QuanLyHangHoaWebClient/styles/styles.css HTTP/1.1" 304 -
127.0.0.1 - - [24/Mar/2026:05:18:46 +0700] "GET /QuanLyHangHoa/rest/hangHoa/chiTiet?maSo=SP01 HTTP/1.1" 200 102
0:0:0:0:0:0:0:1 - - [24/Mar/2026:05:18:46 +0700] "POST /QuanLyHangHoaWebClient/invoice HTTP/1.1" 302 -
127.0.0.1 - - [24/Mar/2026:05:18:46 +0700] "GET /QuanLyHangHoa/rest/hangHoa/danhSach HTTP/1.1" 200 392
0:0:0:0:0:0:0:1 - - [24/Mar/2026:05:18:46 +0700] "GET /QuanLyHangHoaWebClient/customer?action=khoHang HTTP/1.1" 200 4193
127.0.0.1 - - [24/Mar/2026:05:18:48 +0700] "GET /QuanLyHangHoa/rest/hangHoa/chiTiet?maSo=SP02 HTTP/1.1" 200 98
0:0:0:0:0:0:0:1 - - [24/Mar/2026:05:18:48 +0700] "POST /QuanLyHangHoaWebClient/invoice HTTP/1.1" 302 -
127.0.0.1 - - [24/Mar/2026:05:18:48 +0700] "GET /QuanLyHangHoa/rest/hangHoa/danhSach HTTP/1.1" 200 392
0:0:0:0:0:0:0:1 - - [24/Mar/2026:05:18:48 +0700] "GET /QuanLyHangHoaWebClient/customer?action=khoHang HTTP/1.1" 200 4193
0:0:0:0:0:0:0:1 - - [24/Mar/2026:05:18:49 +0700] "GET /QuanLyHangHoaWebClient/userInfo.jsp HTTP/1.1" 200 2171
0:0:0:0:0:0:0:1 - - [24/Mar/2026:05:18:50 +0700] "GET /QuanLyHangHoaWebClient/invoice?action=payment HTTP/1.1" 200 3305
127.0.0.1 - - [24/Mar/2026:05:18:59 +0700] "POST /QuanLyHangHoa/rest/hoaDon/tao HTTP/1.1" 404 1078
0:0:0:0:0:0:0:1 - - [24/Mar/2026:05:18:59 +0700] "POST /QuanLyHangHoaWebClient/invoice HTTP/1.1" 200 4465
127.0.0.1 - - [24/Mar/2026:05:26:04 +0700] "GET / HTTP/1.1" 404 1074
0:0:0:0:0:0:0:1 - - [24/Mar/2026:05:26:05 +0700] "GET /QuanLyHangHoaWebClient/customer?action=dangXuat HTTP/1.1" 302 -
0:0:0:0:0:0:0:1 - - [24/Mar/2026:05:26:05 +0700] "GET /QuanLyHangHoaWebClient/index.jsp HTTP/1.1" 200 638
127.0.0.1 - - [24/Mar/2026:05:26:12 +0700] "POST /QuanLyTaiKhoan/rest/khachHang/dangNhap HTTP/1.1" 200 145
0:0:0:0:0:0:0:1 - - [24/Mar/2026:05:26:12 +0700] "POST /QuanLyHangHoaWebClient/customer HTTP/1.1" 302 -
127.0.0.1 - - [24/Mar/2026:05:26:14 +0700] "GET /QuanLyHangHoa/rest/hangHoa/danhSach HTTP/1.1" 200 392
0:0:0:0:0:0:0:1 - - [24/Mar/2026:05:26:14 +0700] "GET /QuanLyHangHoaWebClient/customer?action=khoHang HTTP/1.1" 200 4193
0:0:0:0:0:0:0:1 - - [24/Mar/2026:05:26:14 +0700] "GET /QuanLyHangHoaWebClient/styles/styles.css HTTP/1.1" 304 -
127.0.0.1 - - [24/Mar/2026:05:26:17 +0700] "GET /QuanLyHangHoa/rest/hangHoa/chiTiet?maSo=SP01 HTTP/1.1" 200 102
0:0:0:0:0:0:0:1 - - [24/Mar/2026:05:26:17 +0700] "POST /QuanLyHangHoaWebClient/invoice HTTP/1.1" 302 -
127.0.0.1 - - [24/Mar/2026:05:26:17 +0700] "GET /QuanLyHangHoa/rest/hangHoa/danhSach HTTP/1.1" 200 392
0:0:0:0:0:0:0:1 - - [24/Mar/2026:05:26:17 +0700] "GET /QuanLyHangHoaWebClient/customer?action=khoHang HTTP/1.1" 200 4193
127.0.0.1 - - [24/Mar/2026:05:26:18 +0700] "GET /QuanLyHangHoa/rest/hangHoa/chiTiet?maSo=SP02 HTTP/1.1" 200 98
0:0:0:0:0:0:0:1 - - [24/Mar/2026:05:26:18 +0700] "POST /QuanLyHangHoaWebClient/invoice HTTP/1.1" 302 -
127.0.0.1 - - [24/Mar/2026:05:26:18 +0700] "GET /QuanLyHangHoa/rest/hangHoa/danhSach HTTP/1.1" 200 392
0:0:0:0:0:0:0:1 - - [24/Mar/2026:05:26:18 +0700] "GET /QuanLyHangHoaWebClient/customer?action=khoHang HTTP/1.1" 200 4193
127.0.0.1 - - [24/Mar/2026:05:26:21 +0700] "GET /QuanLyHangHoa/rest/hangHoa/chiTiet?maSo=SP03 HTTP/1.1" 200 94
0:0:0:0:0:0:0:1 - - [24/Mar/2026:05:26:21 +0700] "POST /QuanLyHangHoaWebClient/invoice HTTP/1.1" 302 -
127.0.0.1 - - [24/Mar/2026:05:26:21 +0700] "GET /QuanLyHangHoa/rest/hangHoa/danhSach HTTP/1.1" 200 392
0:0:0:0:0:0:0:1 - - [24/Mar/2026:05:26:21 +0700] "GET /QuanLyHangHoaWebClient/customer?action=khoHang HTTP/1.1" 200 4193
127.0.0.1 - - [24/Mar/2026:05:26:22 +0700] "GET /QuanLyHangHoa/rest/hangHoa/chiTiet?maSo=SP04 HTTP/1.1" 200 93
0:0:0:0:0:0:0:1 - - [24/Mar/2026:05:26:22 +0700] "POST /QuanLyHangHoaWebClient/invoice HTTP/1.1" 302 -
127.0.0.1 - - [24/Mar/2026:05:26:22 +0700] "GET /QuanLyHangHoa/rest/hangHoa/danhSach HTTP/1.1" 200 392
0:0:0:0:0:0:0:1 - - [24/Mar/2026:05:26:22 +0700] "GET /QuanLyHangHoaWebClient/customer?action=khoHang HTTP/1.1" 200 4193
0:0:0:0:0:0:0:1 - - [24/Mar/2026:05:26:24 +0700] "GET /QuanLyHangHoaWebClient/invoice?action=payment HTTP/1.1" 200 4392
127.0.0.1 - - [24/Mar/2026:05:26:30 +0700] "POST /QuanLyHoaDon/rest/hoaDon/tao HTTP/1.1" 200 29
0:0:0:0:0:0:0:1 - - [24/Mar/2026:05:26:30 +0700] "POST /QuanLyHangHoaWebClient/invoice HTTP/1.1" 200 1260
127.0.0.1 - - [24/Mar/2026:05:26:44 +0700] "GET /QuanLyHangHoa/rest/hangHoa/danhSach HTTP/1.1" 200 392
0:0:0:0:0:0:0:1 - - [24/Mar/2026:05:26:44 +0700] "GET /QuanLyHangHoaWebClient/customer?action=khoHang HTTP/1.1" 200 4193
127.0.0.1 - - [24/Mar/2026:05:26:49 +0700] "GET /QuanLyHangHoa/rest/hangHoa/danhSach HTTP/1.1" 200 392
0:0:0:0:0:0:0:1 - - [24/Mar/2026:05:26:49 +0700] "GET /QuanLyHangHoaWebClient/customer?action=khoHang HTTP/1.1" 200 4193
127.0.0.1 - - [24/Mar/2026:05:28:51 +0700] "GET /QuanLyHangHoa/rest/hangHoa/chiTiet?maSo=SP01 HTTP/1.1" 200 102
0:0:0:0:0:0:0:1 - - [24/Mar/2026:05:28:51 +0700] "POST /QuanLyHangHoaWebClient/invoice HTTP/1.1" 302 -
127.0.0.1 - - [24/Mar/2026:05:28:51 +0700] "GET /QuanLyHangHoa/rest/hangHoa/danhSach HTTP/1.1" 200 392
0:0:0:0:0:0:0:1 - - [24/Mar/2026:05:28:51 +0700] "GET /QuanLyHangHoaWebClient/customer?action=khoHang HTTP/1.1" 200 4193
0:0:0:0:0:0:0:1 - - [24/Mar/2026:05:28:51 +0700] "GET /QuanLyHangHoaWebClient/styles/styles.css HTTP/1.1" 304 -
0:0:0:0:0:0:0:1 - - [24/Mar/2026:05:28:54 +0700] "GET /QuanLyHangHoaWebClient/invoice?action=payment HTTP/1.1" 200 2746
0:0:0:0:0:0:0:1 - - [24/Mar/2026:05:28:56 +0700] "GET /QuanLyHangHoaWebClient/invoice?action=payment HTTP/1.1" 200 2746
0:0:0:0:0:0:0:1 - - [24/Mar/2026:05:29:30 +0700] "GET /QuanLyHangHoaWebClient/invoice?action=payment HTTP/1.1" 200 2751
127.0.0.1 - - [24/Mar/2026:05:29:36 +0700] "GET /QuanLyHangHoa/rest/hangHoa/danhSach HTTP/1.1" 200 392
0:0:0:0:0:0:0:1 - - [24/Mar/2026:05:29:36 +0700] "GET /QuanLyHangHoaWebClient/customer?action=khoHang HTTP/1.1" 200 4193
127.0.0.1 - - [24/Mar/2026:05:38:03 +0700] "GET /QuanLyHangHoa/rest/hangHoa/danhSach HTTP/1.1" 200 392
0:0:0:0:0:0:0:1 - - [24/Mar/2026:05:38:04 +0700] "GET /QuanLyHangHoaWebClient/customer?action=khoHang HTTP/1.1" 500 3077
0:0:0:0:0:0:0:1 - - [24/Mar/2026:05:38:10 +0700] "GET /QuanLyHangHoaWebClient/index.jsp HTTP/1.1" 200 638
0:0:0:0:0:0:0:1 - - [24/Mar/2026:05:38:10 +0700] "GET /QuanLyHangHoaWebClient/styles/login.css HTTP/1.1" 304 -
127.0.0.1 - - [24/Mar/2026:05:38:17 +0700] "POST /QuanLyTaiKhoan/rest/khachHang/dangNhap HTTP/1.1" 200 145
0:0:0:0:0:0:0:1 - - [24/Mar/2026:05:38:17 +0700] "POST /QuanLyHangHoaWebClient/customer HTTP/1.1" 302 -
127.0.0.1 - - [24/Mar/2026:05:38:17 +0700] "GET /QuanLyHangHoa/rest/hangHoa/danhSach HTTP/1.1" 200 392
0:0:0:0:0:0:0:1 - - [24/Mar/2026:05:38:17 +0700] "GET /QuanLyHangHoaWebClient/customer?action=khoHang HTTP/1.1" 500 3077
127.0.0.1 - - [24/Mar/2026:05:39:28 +0700] "GET /QuanLyHangHoa/rest/hangHoa/danhSach HTTP/1.1" 200 392
0:0:0:0:0:0:0:1 - - [24/Mar/2026:05:39:29 +0700] "GET /QuanLyHangHoaWebClient/customer?action=khoHang HTTP/1.1" 200 4272
0:0:0:0:0:0:0:1 - - [24/Mar/2026:05:39:29 +0700] "GET /QuanLyHangHoaWebClient/styles/styles.css HTTP/1.1" 304 -
127.0.0.1 - - [24/Mar/2026:05:39:31 +0700] "GET /QuanLyHangHoa/rest/hangHoa/danhSach HTTP/1.1" 200 392
0:0:0:0:0:0:0:1 - - [24/Mar/2026:05:39:31 +0700] "GET /QuanLyHangHoaWebClient/customer?action=khoHang HTTP/1.1" 200 4272
127.0.0.1 - - [24/Mar/2026:05:39:32 +0700] "GET /QuanLyHangHoa/rest/hangHoa/danhSach HTTP/1.1" 200 392
0:0:0:0:0:0:0:1 - - [24/Mar/2026:05:39:32 +0700] "GET /QuanLyHangHoaWebClient/customer?action=khoHang HTTP/1.1" 200 4272
127.0.0.1 - - [24/Mar/2026:05:40:09 +0700] "GET /QuanLyHangHoa/rest/hangHoa/danhSach HTTP/1.1" 200 392
0:0:0:0:0:0:0:1 - - [24/Mar/2026:05:40:09 +0700] "GET /QuanLyHangHoaWebClient/customer?action=khoHang HTTP/1.1" 200 4287
127.0.0.1 - - [24/Mar/2026:05:40:34 +0700] "GET /QuanLyHangHoa/rest/hangHoa/danhSach HTTP/1.1" 200 392
0:0:0:0:0:0:0:1 - - [24/Mar/2026:05:40:34 +0700] "GET /QuanLyHangHoaWebClient/customer?action=khoHang HTTP/1.1" 200 4272
127.0.0.1 - - [24/Mar/2026:05:40:36 +0700] "GET /QuanLyHangHoa/rest/hangHoa/danhSach HTTP/1.1" 200 392
0:0:0:0:0:0:0:1 - - [24/Mar/2026:05:40:36 +0700] "GET /QuanLyHangHoaWebClient/customer?action=khoHang HTTP/1.1" 200 4272
0:0:0:0:0:0:0:1 - - [24/Mar/2026:05:40:37 +0700] "GET /QuanLyHangHoaWebClient/userInfo.jsp HTTP/1.1" 200 2246
0:0:0:0:0:0:0:1 - - [24/Mar/2026:05:40:38 +0700] "GET /QuanLyHangHoaWebClient/invoice?action=payment HTTP/1.1" 200 1129
127.0.0.1 - - [24/Mar/2026:05:40:41 +0700] "GET /QuanLyHangHoa/rest/hangHoa/danhSach HTTP/1.1" 200 392
0:0:0:0:0:0:0:1 - - [24/Mar/2026:05:40:41 +0700] "GET /QuanLyHangHoaWebClient/customer?action=khoHang HTTP/1.1" 200 4272
127.0.0.1 - - [24/Mar/2026:05:41:03 +0700] "GET /QuanLyHangHoa/rest/hangHoa/danhSach HTTP/1.1" 200 392
0:0:0:0:0:0:0:1 - - [24/Mar/2026:05:41:03 +0700] "GET /QuanLyHangHoaWebClient/customer?action=khoHang HTTP/1.1" 200 4272
127.0.0.1 - - [24/Mar/2026:05:41:06 +0700] "GET /QuanLyHoaDon/rest/hoaDon/lichSu/2222 HTTP/1.1" 200 2
0:0:0:0:0:0:0:1 - - [24/Mar/2026:05:41:06 +0700] "GET /QuanLyHangHoaWebClient/lichSu?action=xemLichSu HTTP/1.1" 200 1158
127.0.0.1 - - [24/Mar/2026:05:41:09 +0700] "GET /QuanLyHangHoa/rest/hangHoa/danhSach HTTP/1.1" 200 392
0:0:0:0:0:0:0:1 - - [24/Mar/2026:05:41:09 +0700] "GET /QuanLyHangHoaWebClient/customer?action=khoHang HTTP/1.1" 200 4272
127.0.0.1 - - [24/Mar/2026:05:41:11 +0700] "GET /QuanLyHangHoa/rest/hangHoa/chiTiet?maSo=SP01 HTTP/1.1" 200 102
0:0:0:0:0:0:0:1 - - [24/Mar/2026:05:41:11 +0700] "POST /QuanLyHangHoaWebClient/invoice HTTP/1.1" 302 -
127.0.0.1 - - [24/Mar/2026:05:41:11 +0700] "GET /QuanLyHangHoa/rest/hangHoa/danhSach HTTP/1.1" 200 392
0:0:0:0:0:0:0:1 - - [24/Mar/2026:05:41:11 +0700] "GET /QuanLyHangHoaWebClient/customer?action=khoHang HTTP/1.1" 200 4272
127.0.0.1 - - [24/Mar/2026:05:41:14 +0700] "GET /QuanLyHangHoa/rest/hangHoa/chiTiet?maSo=SP02 HTTP/1.1" 200 98
0:0:0:0:0:0:0:1 - - [24/Mar/2026:05:41:14 +0700] "POST /QuanLyHangHoaWebClient/invoice HTTP/1.1" 302 -
127.0.0.1 - - [24/Mar/2026:05:41:14 +0700] "GET /QuanLyHangHoa/rest/hangHoa/danhSach HTTP/1.1" 200 392
0:0:0:0:0:0:0:1 - - [24/Mar/2026:05:41:14 +0700] "GET /QuanLyHangHoaWebClient/customer?action=khoHang HTTP/1.1" 200 4272
127.0.0.1 - - [24/Mar/2026:05:41:15 +0700] "GET /QuanLyHoaDon/rest/hoaDon/lichSu/2222 HTTP/1.1" 200 2
0:0:0:0:0:0:0:1 - - [24/Mar/2026:05:41:15 +0700] "GET /QuanLyHangHoaWebClient/lichSu?action=xemLichSu HTTP/1.1" 200 1158
0:0:0:0:0:0:0:1 - - [24/Mar/2026:05:41:16 +0700] "GET /QuanLyHangHoaWebClient/invoice?action=payment HTTP/1.1" 200 3390
127.0.0.1 - - [24/Mar/2026:05:41:18 +0700] "POST /QuanLyHoaDon/rest/hoaDon/tao HTTP/1.1" 200 29
0:0:0:0:0:0:0:1 - - [24/Mar/2026:05:41:18 +0700] "POST /QuanLyHangHoaWebClient/invoice HTTP/1.1" 200 1341
127.0.0.1 - - [24/Mar/2026:05:41:19 +0700] "GET /QuanLyHoaDon/rest/hoaDon/lichSu/2222 HTTP/1.1" 200 350
0:0:0:0:0:0:0:1 - - [24/Mar/2026:05:41:19 +0700] "GET /QuanLyHangHoaWebClient/lichSu?action=xemLichSu HTTP/1.1" 200 3747
127.0.0.1 - - [24/Mar/2026:05:41:25 +0700] "GET /QuanLyHangHoa/rest/hangHoa/danhSach HTTP/1.1" 200 392
0:0:0:0:0:0:0:1 - - [24/Mar/2026:05:41:25 +0700] "GET /QuanLyHangHoaWebClient/customer?action=khoHang HTTP/1.1" 200 4272
127.0.0.1 - - [24/Mar/2026:05:41:30 +0700] "GET /QuanLyHangHoa/rest/hangHoa/chiTiet?maSo=SP03 HTTP/1.1" 200 94
0:0:0:0:0:0:0:1 - - [24/Mar/2026:05:41:30 +0700] "POST /QuanLyHangHoaWebClient/invoice HTTP/1.1" 302 -
127.0.0.1 - - [24/Mar/2026:05:41:30 +0700] "GET /QuanLyHangHoa/rest/hangHoa/danhSach HTTP/1.1" 200 392
0:0:0:0:0:0:0:1 - - [24/Mar/2026:05:41:30 +0700] "GET /QuanLyHangHoaWebClient/customer?action=khoHang HTTP/1.1" 200 4272
0:0:0:0:0:0:0:1 - - [24/Mar/2026:05:41:31 +0700] "GET /QuanLyHangHoaWebClient/invoice?action=payment HTTP/1.1" 200 2828
127.0.0.1 - - [24/Mar/2026:05:41:32 +0700] "POST /QuanLyHoaDon/rest/hoaDon/tao HTTP/1.1" 200 29
0:0:0:0:0:0:0:1 - - [24/Mar/2026:05:41:32 +0700] "POST /QuanLyHangHoaWebClient/invoice HTTP/1.1" 200 1341
127.0.0.1 - - [24/Mar/2026:05:41:33 +0700] "GET /QuanLyHoaDon/rest/hoaDon/lichSu/2222 HTTP/1.1" 200 593
0:0:0:0:0:0:0:1 - - [24/Mar/2026:05:41:33 +0700] "GET /QuanLyHangHoaWebClient/lichSu?action=xemLichSu HTTP/1.1" 200 6141
127.0.0.1 - - [24/Mar/2026:05:41:51 +0700] "GET /QuanLyHangHoa/rest/hangHoa/danhSach HTTP/1.1" 200 392
0:0:0:0:0:0:0:1 - - [24/Mar/2026:05:41:51 +0700] "GET /QuanLyHangHoaWebClient/customer?action=khoHang HTTP/1.1" 200 4272
127.0.0.1 - - [24/Mar/2026:05:42:40 +0700] "GET /QuanLyHangHoa/rest/hangHoa/danhSach HTTP/1.1" 200 392
0:0:0:0:0:0:0:1 - - [24/Mar/2026:05:42:40 +0700] "GET /QuanLyHangHoaWebClient/customer?action=khoHang HTTP/1.1" 200 4273
0:0:0:0:0:0:0:1 - - [24/Mar/2026:05:42:40 +0700] "GET /QuanLyHangHoaWebClient/styles/styles.css HTTP/1.1" 304 -
127.0.0.1 - - [24/Mar/2026:05:42:45 +0700] "GET /QuanLyHangHoa/rest/hangHoa/chiTiet?maSo=SP01 HTTP/1.1" 200 102
0:0:0:0:0:0:0:1 - - [24/Mar/2026:05:42:45 +0700] "POST /QuanLyHangHoaWebClient/invoice HTTP/1.1" 302 -
127.0.0.1 - - [24/Mar/2026:05:42:45 +0700] "GET /QuanLyHangHoa/rest/hangHoa/danhSach HTTP/1.1" 200 392
0:0:0:0:0:0:0:1 - - [24/Mar/2026:05:42:45 +0700] "GET /QuanLyHangHoaWebClient/customer?action=khoHang HTTP/1.1" 200 4273
0:0:0:0:0:0:0:1 - - [24/Mar/2026:05:42:50 +0700] "GET /QuanLyHangHoaWebClient/invoice?action=payment HTTP/1.1" 200 2830
0:0:0:0:0:0:0:1 - - [24/Mar/2026:05:42:51 +0700] "POST /QuanLyHangHoaWebClient/invoice HTTP/1.1" 200 1341
127.0.0.1 - - [24/Mar/2026:05:42:51 +0700] "POST /QuanLyHoaDon/rest/hoaDon/tao HTTP/1.1" 200 29
127.0.0.1 - - [24/Mar/2026:05:42:53 +0700] "GET /QuanLyHoaDon/rest/hoaDon/lichSu/2222 HTTP/1.1" 200 844
0:0:0:0:0:0:0:1 - - [24/Mar/2026:05:42:53 +0700] "GET /QuanLyHangHoaWebClient/lichSu?action=xemLichSu HTTP/1.1" 200 8557
0:0:0:0:0:0:0:1 - - [24/Mar/2026:05:43:19 +0700] "GET /QuanLyHangHoaWebClient/customer?action=dangXuat HTTP/1.1" 302 -
0:0:0:0:0:0:0:1 - - [24/Mar/2026:05:43:19 +0700] "GET /QuanLyHangHoaWebClient/index.jsp HTTP/1.1" 200 638
127.0.0.1 - - [24/Mar/2026:05:43:23 +0700] "POST /QuanLyTaiKhoan/rest/khachHang/dangNhap HTTP/1.1" 200 147
0:0:0:0:0:0:0:1 - - [24/Mar/2026:05:43:23 +0700] "POST /QuanLyHangHoaWebClient/customer HTTP/1.1" 302 -
127.0.0.1 - - [24/Mar/2026:05:43:23 +0700] "GET /QuanLyHangHoa/rest/hangHoa/danhSach HTTP/1.1" 200 392
0:0:0:0:0:0:0:1 - - [24/Mar/2026:05:43:23 +0700] "GET /QuanLyHangHoaWebClient/customer?action=khoHang HTTP/1.1" 200 4209
0:0:0:0:0:0:0:1 - - [24/Mar/2026:05:43:25 +0700] "GET /QuanLyHangHoaWebClient/hanghoa?action=inventory HTTP/1.1" 404 1108
127.0.0.1 - - [24/Mar/2026:05:52:53 +0700] "GET / HTTP/1.1" 404 1074
127.0.0.1 - - [24/Mar/2026:05:52:59 +0700] "GET /QuanLyHangHoa/rest/hangHoa/danhSach HTTP/1.1" 200 392
0:0:0:0:0:0:0:1 - - [24/Mar/2026:05:53:00 +0700] "GET /QuanLyHangHoaWebClient/customer?action=khoHang HTTP/1.1" 200 4209
0:0:0:0:0:0:0:1 - - [24/Mar/2026:05:53:00 +0700] "GET /QuanLyHangHoaWebClient/styles/styles.css HTTP/1.1" 200 10680
127.0.0.1 - - [24/Mar/2026:05:53:02 +0700] "GET /QuanLyHangHoa/rest/hangHoa/danhSach HTTP/1.1" 200 392
0:0:0:0:0:0:0:1 - - [24/Mar/2026:05:53:03 +0700] "GET /QuanLyHangHoaWebClient/hanghoa?action=inventory HTTP/1.1" 200 9665
127.0.0.1 - - [24/Mar/2026:05:53:52 +0700] "POST /QuanLyHangHoa/rest/hangHoa/themHangHoa HTTP/1.1" 200 29
127.0.0.1 - - [24/Mar/2026:05:53:52 +0700] "GET /QuanLyHangHoa/rest/hangHoa/danhSach HTTP/1.1" 200 494
0:0:0:0:0:0:0:1 - - [24/Mar/2026:05:53:52 +0700] "GET /QuanLyHangHoaWebClient/styles/styles.css HTTP/1.1" 304 -
0:0:0:0:0:0:0:1 - - [24/Mar/2026:05:53:52 +0700] "POST /QuanLyHangHoaWebClient/hanghoa HTTP/1.1" 200 10921
127.0.0.1 - - [24/Mar/2026:05:54:01 +0700] "GET /QuanLyHangHoa/rest/hangHoa/danhSach HTTP/1.1" 200 494
0:0:0:0:0:0:0:1 - - [24/Mar/2026:05:54:01 +0700] "GET /QuanLyHangHoaWebClient/customer?action=khoHang HTTP/1.1" 200 5087
0:0:0:0:0:0:0:1 - - [24/Mar/2026:05:54:10 +0700] "GET /QuanLyHangHoaWebClient/customer?action=dangXuat HTTP/1.1" 302 -
0:0:0:0:0:0:0:1 - - [24/Mar/2026:05:54:10 +0700] "GET /QuanLyHangHoaWebClient/index.jsp HTTP/1.1" 200 638
127.0.0.1 - - [24/Mar/2026:05:54:15 +0700] "POST /QuanLyTaiKhoan/rest/khachHang/dangNhap HTTP/1.1" 401 33
0:0:0:0:0:0:0:1 - - [24/Mar/2026:05:54:15 +0700] "POST /QuanLyHangHoaWebClient/customer HTTP/1.1" 200 671
127.0.0.1 - - [24/Mar/2026:05:54:20 +0700] "POST /QuanLyTaiKhoan/rest/khachHang/dangNhap HTTP/1.1" 200 145
0:0:0:0:0:0:0:1 - - [24/Mar/2026:05:54:20 +0700] "POST /QuanLyHangHoaWebClient/customer HTTP/1.1" 302 -
127.0.0.1 - - [24/Mar/2026:05:54:20 +0700] "GET /QuanLyHangHoa/rest/hangHoa/danhSach HTTP/1.1" 200 494
0:0:0:0:0:0:0:1 - - [24/Mar/2026:05:54:20 +0700] "GET /QuanLyHangHoaWebClient/customer?action=khoHang HTTP/1.1" 200 5151
0:0:0:0:0:0:0:1 - - [24/Mar/2026:05:54:20 +0700] "GET /QuanLyHangHoaWebClient/styles/styles.css HTTP/1.1" 304 -
127.0.0.1 - - [24/Mar/2026:05:54:22 +0700] "GET /QuanLyHangHoa/rest/hangHoa/chiTiet?maSo=SP05 HTTP/1.1" 200 101
0:0:0:0:0:0:0:1 - - [24/Mar/2026:05:54:22 +0700] "POST /QuanLyHangHoaWebClient/invoice HTTP/1.1" 302 -
127.0.0.1 - - [24/Mar/2026:05:54:22 +0700] "GET /QuanLyHangHoa/rest/hangHoa/danhSach HTTP/1.1" 200 494
0:0:0:0:0:0:0:1 - - [24/Mar/2026:05:54:22 +0700] "GET /QuanLyHangHoaWebClient/customer?action=khoHang HTTP/1.1" 200 5151
127.0.0.1 - - [24/Mar/2026:05:54:25 +0700] "GET /QuanLyHoaDon/rest/hoaDon/lichSu/2222 HTTP/1.1" 200 2
0:0:0:0:0:0:0:1 - - [24/Mar/2026:05:54:25 +0700] "GET /QuanLyHangHoaWebClient/lichSu?action=xemLichSu HTTP/1.1" 200 1158
0:0:0:0:0:0:0:1 - - [24/Mar/2026:05:54:28 +0700] "GET /QuanLyHangHoaWebClient/invoice?action=payment HTTP/1.1" 200 2814
127.0.0.1 - - [24/Mar/2026:05:54:30 +0700] "POST /QuanLyHoaDon/rest/hoaDon/tao HTTP/1.1" 200 29
0:0:0:0:0:0:0:1 - - [24/Mar/2026:05:54:30 +0700] "POST /QuanLyHangHoaWebClient/invoice HTTP/1.1" 200 1326
127.0.0.1 - - [24/Mar/2026:05:54:31 +0700] "GET /QuanLyHangHoa/rest/hangHoa/danhSach HTTP/1.1" 200 494
0:0:0:0:0:0:0:1 - - [24/Mar/2026:05:54:31 +0700] "GET /QuanLyHangHoaWebClient/customer?action=khoHang HTTP/1.1" 200 5151
127.0.0.1 - - [24/Mar/2026:05:54:33 +0700] "GET /QuanLyHoaDon/rest/hoaDon/lichSu/2222 HTTP/1.1" 200 252
0:0:0:0:0:0:0:1 - - [24/Mar/2026:05:54:33 +0700] "GET /QuanLyHangHoaWebClient/lichSu?action=xemLichSu HTTP/1.1" 200 3186
127.0.0.1 - - [24/Mar/2026:05:54:45 +0700] "GET /QuanLyHoaDon/rest/hoaDon/lichSu/2222 HTTP/1.1" 200 252
0:0:0:0:0:0:0:1 - - [24/Mar/2026:05:54:45 +0700] "GET /QuanLyHangHoaWebClient/lichSu?action=xemLichSu HTTP/1.1" 200 3186
0:0:0:0:0:0:0:1 - - [24/Mar/2026:05:54:45 +0700] "GET /QuanLyHangHoaWebClient/styles/styles.css HTTP/1.1" 200 10680
0:0:0:0:0:0:0:1 - - [24/Mar/2026:05:54:45 +0700] "GET /favicon.ico HTTP/1.1" 404 1085
127.0.0.1 - - [24/Mar/2026:05:55:05 +0700] "GET /QuanLyHangHoa/rest/hangHoa/danhSach HTTP/1.1" 200 494
0:0:0:0:0:0:0:1 - - [24/Mar/2026:05:55:05 +0700] "GET /QuanLyHangHoaWebClient/customer?action=khoHang HTTP/1.1" 200 5151
127.0.0.1 - - [24/Mar/2026:06:02:54 +0700] "GET / HTTP/1.1" 404 1074
0:0:0:0:0:0:0:1 - - [24/Mar/2026:06:02:58 +0700] "GET /QuanLyHangHoaWebClient/customer?action=dangXuat HTTP/1.1" 302 -
0:0:0:0:0:0:0:1 - - [24/Mar/2026:06:02:58 +0700] "GET /QuanLyHangHoaWebClient/index.jsp HTTP/1.1" 200 638
127.0.0.1 - - [24/Mar/2026:06:03:07 +0700] "POST /QuanLyTaiKhoan/rest/khachHang/dangNhap HTTP/1.1" 401 26
0:0:0:0:0:0:0:1 - - [24/Mar/2026:06:03:07 +0700] "POST /QuanLyHangHoaWebClient/customer HTTP/1.1" 200 664
127.0.0.1 - - [24/Mar/2026:06:03:11 +0700] "POST /QuanLyTaiKhoan/rest/khachHang/dangNhap HTTP/1.1" 200 157
0:0:0:0:0:0:0:1 - - [24/Mar/2026:06:03:11 +0700] "POST /QuanLyHangHoaWebClient/customer HTTP/1.1" 302 -
127.0.0.1 - - [24/Mar/2026:06:03:13 +0700] "GET /QuanLyHangHoa/rest/hangHoa/danhSach HTTP/1.1" 200 392
0:0:0:0:0:0:0:1 - - [24/Mar/2026:06:03:13 +0700] "GET /QuanLyHangHoaWebClient/customer?action=khoHang HTTP/1.1" 200 4273
0:0:0:0:0:0:0:1 - - [24/Mar/2026:06:03:13 +0700] "GET /QuanLyHangHoaWebClient/styles/styles.css HTTP/1.1" 304 -
0:0:0:0:0:0:0:1 - - [24/Mar/2026:06:03:16 +0700] "GET /QuanLyHangHoaWebClient/userInfo.jsp HTTP/1.1" 200 3241
127.0.0.1 - - [24/Mar/2026:06:03:20 +0700] "POST /QuanLyTaiKhoan/rest/khachHang/2222/dangKyVip HTTP/1.1" 200 198
0:0:0:0:0:0:0:1 - - [24/Mar/2026:06:03:20 +0700] "POST /QuanLyHangHoaWebClient/customer HTTP/1.1" 200 2980
127.0.0.1 - - [24/Mar/2026:06:03:26 +0700] "GET /QuanLyHangHoa/rest/hangHoa/danhSach HTTP/1.1" 200 392
0:0:0:0:0:0:0:1 - - [24/Mar/2026:06:03:26 +0700] "GET /QuanLyHangHoaWebClient/customer?action=khoHang HTTP/1.1" 200 4273
0:0:0:0:0:0:0:1 - - [24/Mar/2026:06:03:27 +0700] "GET /QuanLyHangHoaWebClient/userInfo.jsp HTTP/1.1" 200 2925
0:0:0:0:0:0:0:1 - - [24/Mar/2026:06:05:45 +0700] "GET /QuanLyHangHoaWebClient/userInfo.jsp HTTP/1.1" 200 2861
0:0:0:0:0:0:0:1 - - [24/Mar/2026:06:05:45 +0700] "GET /QuanLyHangHoaWebClient/styles/styles.css HTTP/1.1" 304 -
127.0.0.1 - - [24/Mar/2026:06:05:49 +0700] "GET /QuanLyHangHoa/rest/hangHoa/danhSach HTTP/1.1" 200 392
0:0:0:0:0:0:0:1 - - [24/Mar/2026:06:05:49 +0700] "GET /QuanLyHangHoaWebClient/customer?action=khoHang HTTP/1.1" 200 4273
127.0.0.1 - - [24/Mar/2026:06:05:52 +0700] "GET /QuanLyHangHoa/rest/hangHoa/chiTiet?maSo=SP01 HTTP/1.1" 200 102
0:0:0:0:0:0:0:1 - - [24/Mar/2026:06:05:52 +0700] "POST /QuanLyHangHoaWebClient/invoice HTTP/1.1" 302 -
127.0.0.1 - - [24/Mar/2026:06:05:52 +0700] "GET /QuanLyHangHoa/rest/hangHoa/danhSach HTTP/1.1" 200 392
0:0:0:0:0:0:0:1 - - [24/Mar/2026:06:05:52 +0700] "GET /QuanLyHangHoaWebClient/customer?action=khoHang HTTP/1.1" 200 4273
127.0.0.1 - - [24/Mar/2026:06:05:54 +0700] "GET /QuanLyHangHoa/rest/hangHoa/chiTiet?maSo=SP02 HTTP/1.1" 200 98
0:0:0:0:0:0:0:1 - - [24/Mar/2026:06:05:54 +0700] "POST /QuanLyHangHoaWebClient/invoice HTTP/1.1" 302 -
127.0.0.1 - - [24/Mar/2026:06:05:54 +0700] "GET /QuanLyHangHoa/rest/hangHoa/danhSach HTTP/1.1" 200 392
0:0:0:0:0:0:0:1 - - [24/Mar/2026:06:05:54 +0700] "GET /QuanLyHangHoaWebClient/customer?action=khoHang HTTP/1.1" 200 4273
0:0:0:0:0:0:0:1 - - [24/Mar/2026:06:05:56 +0700] "GET /QuanLyHangHoaWebClient/invoice?action=payment HTTP/1.1" 200 4083
127.0.0.1 - - [24/Mar/2026:06:06:02 +0700] "POST /QuanLyHoaDon/rest/hoaDon/tao HTTP/1.1" 200 29
0:0:0:0:0:0:0:1 - - [24/Mar/2026:06:06:02 +0700] "POST /QuanLyHangHoaWebClient/invoice HTTP/1.1" 200 1326
127.0.0.1 - - [24/Mar/2026:06:06:04 +0700] "GET /QuanLyHoaDon/rest/hoaDon/lichSu/2222 HTTP/1.1" 200 350
0:0:0:0:0:0:0:1 - - [24/Mar/2026:06:06:04 +0700] "GET /QuanLyHangHoaWebClient/lichSu?action=xemLichSu HTTP/1.1" 200 3747
127.0.0.1 - - [24/Mar/2026:06:06:22 +0700] "GET /QuanLyHoaDon/rest/hoaDon/lichSu/2222 HTTP/1.1" 200 350
0:0:0:0:0:0:0:1 - - [24/Mar/2026:06:06:23 +0700] "GET /QuanLyHangHoaWebClient/lichSu?action=xemLichSu HTTP/1.1" 200 3747
0:0:0:0:0:0:0:1 - - [24/Mar/2026:06:06:25 +0700] "GET /QuanLyHangHoaWebClient/invoice?action=payment HTTP/1.1" 200 1193
127.0.0.1 - - [24/Mar/2026:06:06:26 +0700] "GET /QuanLyHangHoa/rest/hangHoa/danhSach HTTP/1.1" 200 392
0:0:0:0:0:0:0:1 - - [24/Mar/2026:06:06:26 +0700] "GET /QuanLyHangHoaWebClient/customer?action=khoHang HTTP/1.1" 200 4273
0:0:0:0:0:0:0:1 - - [24/Mar/2026:06:06:30 +0700] "GET /QuanLyHangHoaWebClient/userInfo.jsp HTTP/1.1" 200 2861
0:0:0:0:0:0:0:1 - - [24/Mar/2026:06:06:33 +0700] "GET /QuanLyHangHoaWebClient/customer?action=dangXuat HTTP/1.1" 302 -
0:0:0:0:0:0:0:1 - - [24/Mar/2026:06:06:33 +0700] "GET /QuanLyHangHoaWebClient/index.jsp HTTP/1.1" 200 638
0:0:0:0:0:0:0:1 - - [24/Mar/2026:06:06:33 +0700] "GET /QuanLyHangHoaWebClient/styles/login.css HTTP/1.1" 304 -
